LX51 CODE BANKING LINKER/LOCATOR V06.18.15.328                                 09/01/16  09:39:26
MS-DOS LX51 CODE BANKING LINKER/LOCATOR V06.18.15.328,  INVOKED BY:
C:\Raisonance\Ride\bin\lx51.exe Output\TAROT_30A_REV14_75.OBJ TO(Output\TAROT_30A_REV14_75.OMF) R&
S(256) PL(68) PW(78) OUTPUTSUMMARY LIBPATH(C:\Raisonance\Ride\lib\51) 


INPUT MODULES INCLUDED
  OUTPUT\TAROT_30A_REV14_75.OBJ(BLHELI)


LINK MAP OF MODULE: OUTPUT\TAROT_30A_REV14_75.OMF (TAROT_30A_REV14_75)

    TYPE     BASE       LENGTH    RELOCATION     SEGMENT NAME
    ----     ----       ------    ----------     ------------

    * * * * * * *   DATA/IDATA    M E M O R Y   * * * * * * *
    REG      0000H      0008H     ABSOLUTE       "REG BANK 0"
             0008H      0018H                    *** GAP ***
    DATA     0020H      0010H     ABSOLUTE       
    

***WARNING 6: DATA SPACE MEMORY OVERLAP
   AT ADDRESS: 0020,(BLHELI,BLHELI)
    DATA     0020H      000BH     ABSOLUTE       
    DATA     0030H      004EH     ABSOLUTE       
             007EH      0002H                    *** GAP ***
    IDATA    0080H      0028H     ABSOLUTE       
             00A8H      0028H                    *** GAP ***
    IDATA    00D0H      0030H     ABSOLUTE       

    * * * * * * *   CODE          M E M O R Y   * * * * * * *
    CODE     0000H      0003H     ABSOLUTE       
             0003H      0008H                    *** GAP ***
    CODE     000BH      0003H     ABSOLUTE       
             000EH      001DH                    *** GAP ***
    CODE     002BH      0003H     ABSOLUTE       
             002EH      002DH                    *** GAP ***
    CODE     005BH      0003H     ABSOLUTE       
             005EH      0015H                    *** GAP ***
    CODE     0073H      0003H     ABSOLUTE       
             0076H      000AH                    *** GAP ***
    CODE     0080H      1787H     ABSOLUTE       
             1807H      01F6H                    *** GAP ***
    CODE     19FDH      0003H     ABSOLUTE       
    CODE     1A00H      0029H     ABSOLUTE       
             1A29H      0017H                    *** GAP ***
    CODE     1A40H      0010H     ABSOLUTE       
    CODE     1A50H      0010H     ABSOLUTE       
    CODE     1A60H      0010H     ABSOLUTE       
             1A70H      0190H                    *** GAP ***
    CODE     1C00H      01F7H     ABSOLUTE       

EXECUTABLE SUMMARY:
-------------------
    Total INTERNAL RAM storage requirement:  00BEH (190)
    Total EXTERNAL RAM storage requirement:  0000H (0)
    Total     CODE     storage requirement:  19E9H (6633)
Note:  Summary does not include dynamic stack requirements


REFERENCE MAP OF MODULE: OUTPUT\TAROT_30A_REV14_75.OMF (TAROT_30A_REV14_75)

SEGMENT                           BI_GROUP            DT_GROUP             ID_GROUP             XD_GROUP
  +--> CALLED SEGMENT          START    LENGTH     START    LENGTH     START    LENGTH     START    LENGTH
--------------------------------------------------------------------------------------

SYMBOL TABLE FOR OUTPUT\TAROT_30A_REV14_75.OMF(BLHELI)
-------------------------------------------------------

    VALUE              TYPE               NAME
LX51 CODE BANKING LINKER/LOCATOR V06.18.15.328             09/01/16  09:39:26

    -----              ----               ----

	-------            MODULE             BLHELI
	C:1CCEH            SYMBOL             SET4
	C:1C55H            SYMBOL             ID3
	D:0028H            SYMBOL             BYTE_CNTH
	D:0023H            SYMBOL             CRCH
	C:152DH            SYMBOL             NORMAL_RUN_CHECK_STARTUP_ROT
	C:0F80H            SYMBOL             DECODE_DEMAG_HIGH
	C:0E3BH            SYMBOL             COMM61_DAMP_REV
	C:0CABH            SYMBOL             COMM12_NFET_DONE
	C:0B4CH            SYMBOL             WAIT_BEFORE_ZC_SCAN_EXIT
	C:0843H            SYMBOL             CHECK_TEMP_VOLTAGE_AND_LIMIT_POWER
	C:07C0H            SYMBOL             GOVERNOR_LIMIT_INT_CORR_POS
	C:0789H            SYMBOL             GOVERNOR_CORR_NEG_PROP
	C:046DH            SYMBOL             PCA_INT_PPM_BELOW_FULL_RANGE
	C:0282H            SYMBOL             T2_INT_CURRENT_PWM_NO_DITHER
	C:1A10H            SYMBOL             _EEP_MAIN_REARM_START
	D:0079H            SYMBOL             TIMER0_OVERFLOW_VALUE
	D:0072H            SYMBOL             PPM_THROTTLE_GAIN
	D:006FH            SYMBOL             LIPO_ADC_LIMIT_H
	D:005EH            SYMBOL             CURR_RCP_PWM_FREQ
	D:0058H            SYMBOL             RCP_EDGE_H
	D:002FH            SYMBOL             FLAGS3
	D:0027H            SYMBOL             RCP_PREV_EDGE_L
	B:00EDH            SYMBOL             AD0INT
	D:00C6H            SYMBOL             ADC0LTH
	D:00BEH            SYMBOL             ADC0H
	D:0099H            SYMBOL             SBUF0
	D:0082H            SYMBOL             DPL
	D:0080H            SYMBOL             P0
	C:1CD4H            SYMBOL             SET5
	C:1C60H            SYMBOL             ID4
	C:1774H            SYMBOL             FUNCTION_BEEP
	C:13D4H            SYMBOL             INIT_START
	C:1260H            SYMBOL             PROGRAM_BY_TX_ENTRY_PWM
	C:0FAEH            SYMBOL             FIND_THROTTLE_GAIN_CALCULATE
	C:0DB5H            SYMBOL             COMM45_NONDAMP
	C:0D6FH            SYMBOL             COMM4COMM5
	C:0996H            SYMBOL             CALC_NEW_WAIT_TIMES_SETUP
	C:0835H            SYMBOL             SET_PWM_LIMIT_HIGH_RPM_INC_LIMIT
	C:03F2H            SYMBOL             PCA_INT_RESTORE_EDGE_SET_MSB
	C:02B7H            SYMBOL             T2H_INT_RCP_STOP
	C:00F7H            SYMBOL             T0_INT_PWM_OFF_DAMP_DONE
	C:1A19H            SYMBOL             EEP_PGM_PPM_MIN_THROTTLE
	D:006DH            SYMBOL             MAIN_SPOOLUP_TIME_15X
	D:0068H            SYMBOL             RANDOM
	D:0065H            SYMBOL             PWM_MOTOR_IDLE
	D:005DH            SYMBOL             PREV_RCP_PWM_FREQ
	D:0041H            SYMBOL             COMM_PERIOD4X_H
	B:00AEH            SYMBOL             ESPI0
	D:00EFH            SYMBOL             RSTSRC
	D:00BCH            SYMBOL             ADC0CF
	D:0090H            SYMBOL             P1
	C:1CDCH            SYMBOL             SET6
	C:1C6DH            SYMBOL             ID5
	C:1782H            SYMBOL             PARAVAL_BEEP
	C:15DDH            SYMBOL             RUN_TO_WAIT_FOR_POWER_ON_BRAKE_DONE
	C:0D95H            SYMBOL             COMM45_DAMP_REV
	C:0D21H            SYMBOL             COMM23_NFET_DONE
	C:0718H            SYMBOL             GOVERNOR_CHECK_PWM
	C:0134H            SYMBOL             PWM_AFET_DAMPED_DONE
	C:1A27H            SYMBOL             EEP_PGM_BRAKE_ON_STOP
	C:1A0FH            SYMBOL             EEP_ENABLE_TX_PROGRAM
	D:0037H            SYMBOL             DEMAG_DETECTED_METRIC
	B:00CCH            SYMBOL             TF2CEN
	D:00F0H            SYMBOL             B
	D:00E3H            SYMBOL             OSCLCN
LX51 CODE BANKING LINKER/LOCATOR V06.18.15.328             09/01/16  09:39:26

	D:00A0H            SYMBOL             P2
	C:1D92H            SYMBOL             GETC
	D:0026H            SYMBOL             BIT_CNT
	C:16A3H            SYMBOL             WRITE_EEPROM_SIGNATURE
	C:135EH            SYMBOL             WAIT_FOR_POWER_ON
	C:162DH            SYMBOL             ERASE_AND_STORE_ALL_IN_EEPROM
	C:12C5H            SYMBOL             THROTTLE_LOW_CAL_START
	C:1243H            SYMBOL             ARMING_INITIAL_ARM_CHECK
	C:1329H            SYMBOL             PROGRAM_BY_TX_CHECKED
	C:0FA7H            SYMBOL             FIND_THROTTLE_GAIN_CHECK_FULL
	C:0EA1H            SYMBOL             SET_DEFAULT_PARAMETERS
	C:0DFFH            SYMBOL             COMM56_REV
	C:0DE6H            SYMBOL             COMM5COMM6
	C:0D05H            SYMBOL             COMM23_NFET_OFF_REV
	C:0BCAH            SYMBOL             COMP_READ_WRONG_EXTEND_TIMEOUT
	C:0C00H            SYMBOL             COMP_READ_OK
	C:0A37H            SYMBOL             CALC_NEW_WAIT_TIMES_FAST_DONE
	C:08E0H            SYMBOL             CALC_NEXT_COMM_TIMING
	C:05FBH            SYMBOL             BEEP_ANFET_OFF
	C:0417H            SYMBOL             PCA_INT_STORE_DATA
	C:0204H            SYMBOL             T2_INT_RCP_GAIN_POS
	C:01CBH            SYMBOL             T2_INT_RCP_UPDATE_START
	C:0145H            SYMBOL             PWM_BFET_DAMPED_DONE
	C:19FDH            SYMBOL             RESET
	C:1A1AH            SYMBOL             EEP_PGM_PPM_MAX_THROTTLE
	I:00A5H            SYMBOL             PGM_GOV_P_GAIN_DECODED
	I:00A0H            SYMBOL             PGM_ENABLE_TEMP_PROT
	I:009BH            SYMBOL             _PGM_THROTTLE_RATE
	I:008FH            SYMBOL             _PGM_STARTUP_RPM
	D:0062H            SYMBOL             PWM_LIMIT_SPOOLUP
	D:0056H            SYMBOL             RCP_PREPREV_EDGE_H
	D:004FH            SYMBOL             WT_ZC_SCAN_START_L
	D:002BH            SYMBOL             RCP_SKIP_CNTD
	D:00C0H            SYMBOL             SMB0CN
	D:0098H            SYMBOL             SCON0
	D:0081H            SYMBOL             SP
	C:1D0AH            SYMBOL             PRO3
	C:1DE9H            SYMBOL             BOOT_SIGN
	D:0027H            SYMBOL             BYTE_CNTL
	D:0025H            SYMBOL             BAUDH
	D:0022H            SYMBOL             CRCL
	C:17EBH            SYMBOL             FUNCTION_NEXT
	C:128DH            SYMBOL             THROTTLE_HIGH_CAL
	C:0E6DH            SYMBOL             COMM61_NFET_DONE
	C:0D51H            SYMBOL             COMM34_NFET_DONE
	C:0AEDH            SYMBOL             STORE_TIMES_INCREASE_FAST
	C:0949H            SYMBOL             CALC_NEXT_COMM_NORMAL
	C:08CEH            SYMBOL             STARTUP_PWM_SET_PWM
	C:0156H            SYMBOL             PWM_CFET_DAMPED_DONE
	I:0088H            SYMBOL             PGM_DIRECTION
	I:0087H            SYMBOL             PGM_PWM_FREQ
	D:006EH            SYMBOL             LIPO_ADC_LIMIT_L
	D:0057H            SYMBOL             RCP_EDGE_L
	D:0036H            SYMBOL             STALL_CNT
	B:00D6H            SYMBOL             AC
	D:00E6H            SYMBOL             EIE1
	D:00C5H            SYMBOL             ADC0LTL
	D:00BDH            SYMBOL             ADC0L
	D:00BAH            SYMBOL             AMX0N
	C:1D16H            SYMBOL             PRO4
	C:1C7FH            SYMBOL             MAIN
	C:17D6H            SYMBOL             PARAVAL_NEXT
	C:1673H            SYMBOL             WRITE_EEPROM_BYTE
	C:11F9H            SYMBOL             TEST_FOR_ONESHOT
	C:11A6H            SYMBOL             MEASURE_PWM_FREQ_INIT
	C:0E51H            SYMBOL             COMM61_NFET_OFF_REV
	C:0E89H            SYMBOL             COMM_EXIT
	C:079AH            SYMBOL             CALC_GOVERNOR_INT_CORRECTION
LX51 CODE BANKING LINKER/LOCATOR V06.18.15.328             09/01/16  09:39:26

	C:0600H            SYMBOL             BEEP_CNFET_OFF
	C:05EBH            SYMBOL             BEEP_ANFET_ON
	C:048EH            SYMBOL             PCA_INT_PPM_CHECK_FULL_RANGE
	C:0522H            SYMBOL             PCA_INT_PWM_DIVIDE
	C:045FH            SYMBOL             PCA_INT_FALL_CHECK_RANGE
	C:0545H            SYMBOL             PCA_INT_LIMITED
	C:0214H            SYMBOL             T2_INT_PWM_UPDATE
	C:00E2H            SYMBOL             T0_INT_PWM_OFF_DAMPED
	C:1A28H            SYMBOL             EEP_DUMMY
	C:1A25H            SYMBOL             EEP_PGM_ENABLE_PWM_INPUT
	C:1A13H            SYMBOL             _EEP_PGM_STARTUP_ACCEL
	C:1A02H            SYMBOL             EEP_LAYOUT_REVISION
	I:009EH            SYMBOL             PGM_PPM_CENTER_THROTTLE
	I:008EH            SYMBOL             PGM_GOV_SETUP_TARGET
	D:007AH            SYMBOL             CLOCK_SET_AT_48MHZ
	D:0040H            SYMBOL             COMM_PERIOD4X_L
	D:0022H            SYMBOL             REQUESTED_PWM
	B:00D2H            SYMBOL             OV
	B:009DH            SYMBOL             MCE0
	C:1DE2H            SYMBOL             WAIT1
	C:1D1CH            SYMBOL             PRO5
	C:17A0H            SYMBOL             FUNC_PARAVAL_WAIT
	C:16CCH            SYMBOL             WRITE_TAG
	C:1604H            SYMBOL             READ_EEPROM_STORE_DEFAULTS
	C:1555H            SYMBOL             RUN6_CHECK_DIR
	C:1475H            SYMBOL             RUN1
	C:13CDH            SYMBOL             WAIT_FOR_POWER_ON_CHECK_TIMEOUT
	C:11B7H            SYMBOL             MEASURE_PWM_FREQ_WAIT
	C:10E2H            SYMBOL             CLEAR_RAM
	C:0F93H            SYMBOL             SET_BEC_VOLTAGE
	C:0F86H            SYMBOL             DECODE_DEMAG_DONE
	C:0DC7H            SYMBOL             COMM45_NFET_DONE
	C:0C53H            SYMBOL             WAIT_FOR_COMM
	C:0AE0H            SYMBOL             ADJUST_TIMING_TWO_STEPS_FAST
	C:06DEH            SYMBOL             CALC_GOVERNOR_PROP_ERROR_EXIT
	C:061BH            SYMBOL             DIV_U16_BY_U16_DIV1
	C:0597H            SYMBOL             WAIT100MS
	C:0583H            SYMBOL             WAIT1MS
	C:008DH            SYMBOL             STARTUP_POWER_TABLE
	C:1A1BH            SYMBOL             EEP_PGM_BEEP_STRENGTH
	D:007CH            SYMBOL             FLASH_KEY_1
	D:0077H            SYMBOL             SKIP_T2_INT
	D:0076H            SYMBOL             TX_PGM_BEEP_NO
	D:006AH            SYMBOL             SPOOLUP_LIMIT_SKIP
	D:0052H            SYMBOL             WT_ZC_TOUT_START_H
	B:00FDH            SYMBOL             MODF
	B:00AFH            SYMBOL             EA
	D:00BBH            SYMBOL             AMX0P
	D:0097H            SYMBOL             IDA0H
	D:008FH            SYMBOL             PSCTL
	C:1D3DH            SYMBOL             RD1
	C:1D33H            SYMBOL             PRO6
	C:1C2EH            SYMBOL             ABD
	C:176EH            SYMBOL             FUNCTION_PARAVAL_BEEP
	C:16D4H            SYMBOL             STORE_NEW_VALUE_IN_RAM
	C:1484H            SYMBOL             RUN2
	C:124DH            SYMBOL             ARMING_PPM_CHECK
	C:0DABH            SYMBOL             COMM45_NFET_OFF_REV
	C:0CE7H            SYMBOL             COMM23_FETS_DONE
	C:0BDDH            SYMBOL             COMP_READ_WRONG_TIMEOUT_SET
	C:0AC5H            SYMBOL             STORE_TIMES_EXIT
	C:0AFBH            SYMBOL             WAIT_BEFORE_ZC_SCAN
	C:07DFH            SYMBOL             GOVERNOR_CORR_INT_MIN_PWM
	C:06DAH            SYMBOL             GOVERNOR_STORE_PROP_ERROR
	C:0625H            SYMBOL             DIV_U16_BY_U16_DIV2
	C:05F0H            SYMBOL             BEEP_CNFET_ON
	C:059CH            SYMBOL             WAIT200MS
	C:01FBH            SYMBOL             T2_INT_RCP_GAIN_CORR
LX51 CODE BANKING LINKER/LOCATOR V06.18.15.328             09/01/16  09:39:26

	C:023EH            SYMBOL             T2_INT_CURRENT_PWM_UPDATE
	C:0176H            SYMBOL             T2_INT_PULSES_ABSENT
	C:00BEH            SYMBOL             T0_INT_PWM_ON_RET
	C:1A09H            SYMBOL             EEP_PGM_STARTUP_PWR
	I:009FH            SYMBOL             PGM_MAIN_SPOOLUP_TIME
	I:0083H            SYMBOL             PGM_LOW_VOLTAGE_LIM
	D:007DH            SYMBOL             FLASH_KEY_2
	D:0055H            SYMBOL             RCP_PREPREV_EDGE_L
	D:00E4H            SYMBOL             IT01CF
	D:00E0H            SYMBOL             ACC
	C:1C81H            SYMBOL             MAI1
	C:1C77H            SYMBOL             IN1
	D:0024H            SYMBOL             BAUDL
	C:14A2H            SYMBOL             RUN3
	C:0DF7H            SYMBOL             COMM56_NFET_DONE
	C:0BA0H            SYMBOL             COMP_CHECK_TIMEOUT_TIMEOUT_EXTENDED
	C:07C7H            SYMBOL             GOVERNOR_LIMIT_INT_CORR_NEG
	C:0700H            SYMBOL             GOVERNOR_CHECK_INT_LIMIT_POS
	C:063CH            SYMBOL             DIV_U16_BY_U16_DIV3
	C:0588H            SYMBOL             WAIT3MS
	C:01ABH            SYMBOL             T2_INT_PULSES_ABSENT_NO_MAX
	C:1A1FH            SYMBOL             EEP_PGM_DEMAG_COMP
	C:1A00H            SYMBOL             EEP_FW_MAIN_REVISION
	I:0096H            SYMBOL             PGM_PPM_MIN_THROTTLE
	I:008BH            SYMBOL             INITIALIZED_H_DUMMY
	D:0047H            SYMBOL             GOV_INTEGRAL_H
	D:0032H            SYMBOL             POWER_ON_WAIT_CNT_H
	B:00EFH            SYMBOL             AD0EN
	B:00C5H            SYMBOL             STA
	B:00ACH            SYMBOL             ES0
	B:009FH            SYMBOL             S0MODE
	D:00FFH            SYMBOL             VDM0CN
	D:00F1H            SYMBOL             P0MDIN
	D:009DH            SYMBOL             CPT0MD
	D:009BH            SYMBOL             CPT0CN
	C:1D53H            SYMBOL             PUTP
	C:1CC8H            SYMBOL             SETBUF
	C:1CA3H            SYMBOL             MAI2
	C:1799H            SYMBOL             BEEP_NO_ENTRY
	C:15E9H            SYMBOL             JMP_WAIT_FOR_POWER_ON
	C:150FH            SYMBOL             DIRECT_START_CHECK_RCP
	C:14B4H            SYMBOL             RUN4
	C:1016H            SYMBOL             WAIT_US_100_M1
	C:0E33H            SYMBOL             COMM61_FETS_DONE
	C:0D29H            SYMBOL             COMM23_NONDAMP_REV
	C:0C12H            SYMBOL             COMP_READ_OK_JMP
	C:0A90H            SYMBOL             STORE_TIMES_UP_OR_DOWN
	C:0AA4H            SYMBOL             STORE_TIMES_DECREASE
	C:097BH            SYMBOL             CALC_NEXT_COMM_NEW_PERIOD_DIV
	C:087BH            SYMBOL             TEMP_AVERAGE_INC
	C:07F0H            SYMBOL             GOVERNOR_CORR_INT_MAX_PWM
	C:064BH            SYMBOL             MULT_S16_BY_U8_DIV_16
	C:05CEH            SYMBOL             BEEP_START
	C:04E2H            SYMBOL             PCA_INT_PPM_NEG_CHECKED
	C:028FH            SYMBOL             T2_INT_EXIT
	C:1A16H            SYMBOL             _EEP_PGM_DAMPING_FORCE
	I:00A4H            SYMBOL             PGM_BRAKE_ON_STOP
	D:0067H            SYMBOL             PWM_DITHER_EXCESS_POWER
	D:0030H            SYMBOL             INITIAL_ARM
	B:00DFH            SYMBOL             CF
	B:00A9H            SYMBOL             ET0
	D:00F2H            SYMBOL             P1MDIN
	D:00E8H            SYMBOL             ADC0CN
	D:00A4H            SYMBOL             P0MDOUT
	C:1D59H            SYMBOL             PUT1
	C:16B2H            SYMBOL             READ_TAGS
	C:14C6H            SYMBOL             RUN5
	C:103DH            SYMBOL             WAIT_US_100_M2
LX51 CODE BANKING LINKER/LOCATOR V06.18.15.328             09/01/16  09:39:26

	C:0B93H            SYMBOL             COMP_SCALE_SAMPLES
	C:09EDH            SYMBOL             CALC_NEW_WAIT_TIMES_EXIT
	C:0825H            SYMBOL             SET_PWM_LIMIT_HIGH_RPM
	C:07E4H            SYMBOL             GOVERNOR_CORR_NEG_INT
	C:06CFH            SYMBOL             GOVERNOR_LIMIT_PROP_ERROR_POS
	C:06A2H            SYMBOL             CALC_GOVERNOR_TARGET
	C:0529H            SYMBOL             PCA_INT_PWM_DIVIDE_DONE
	C:0396H            SYMBOL             PCA_INT_CHECK_12KHZ
	C:1A08H            SYMBOL             EEP_PGM_MOTOR_IDLE
	I:0097H            SYMBOL             PGM_PPM_MAX_THROTTLE
	D:0073H            SYMBOL             BEEP_STRENGTH
	D:005AH            SYMBOL             RCP_PREV_PERIOD_H
	D:0054H            SYMBOL             WT_COMM_START_H
	D:0051H            SYMBOL             WT_ZC_TOUT_START_L
	D:003AH            SYMBOL             TIMER2_X
	B:00ABH            SYMBOL             ET1
	B:008DH            SYMBOL             TF0
	D:00A5H            SYMBOL             P1MDOUT
	D:0096H            SYMBOL             IDA0L
	C:1D6CH            SYMBOL             PUT2
	C:1CDFH            SYMBOL             MAI4
	C:1568H            SYMBOL             RUN6_CHECK_DIR_CHANGE
	C:14D8H            SYMBOL             RUN6
	C:122DH            SYMBOL             ARMING_START
	C:11ACH            SYMBOL             MEASURE_PWM_FREQ_LOOP
	C:1064H            SYMBOL             WAIT_US_100_M3
	C:0E75H            SYMBOL             COMM61_NONDAMP_REV
	C:0D8DH            SYMBOL             COMM45_FETS_DONE
	C:0BA6H            SYMBOL             COMP_CHECK_TIMEOUT_NOT_TIMED_OUT
	C:0B03H            SYMBOL             WAIT_BEFORE_ZC_SCAN_RAND
	C:053AH            SYMBOL             PCA_INT_CHECK_LEGAL_RANGE
	C:0440H            SYMBOL             PCA_INT_FALL_NOT_ONESHOT
	C:1A07H            SYMBOL             EEP_PGM_MOTOR_GAIN
	C:1A05H            SYMBOL             _EEP_PGM_GOV_MODE
	I:008DH            SYMBOL             PGM_MAIN_REARM_START
	D:003FH            SYMBOL             PREV_PREV_COMM_H
	B:00CDH            SYMBOL             TF2LEN
	B:00ADH            SYMBOL             ET2
	B:0098H            SYMBOL             RI0
	B:008FH            SYMBOL             TF1
	D:00CBH            SYMBOL             TMR2RLH
	D:00C2H            SYMBOL             SMB0DAT
	D:00A6H            SYMBOL             P2MDOUT
	C:1D78H            SYMBOL             PUT3
	C:1D38H            SYMBOL             MAI5
	C:1C45H            SYMBOL             WAIT_FOR_LOW
	C:1308H            SYMBOL             PROGRAM_BY_TX_ENTRY_LIMIT
	C:1339H            SYMBOL             ARM_TARGET_UPDATED
	C:0CC1H            SYMBOL             COMM12_NFET_DONE_REV
	C:0C34H            SYMBOL             EVALUATE_COMPARATOR_INTEGRITY
	C:08A5H            SYMBOL             TEMP_CHECK_EXIT
	C:0770H            SYMBOL             GOVERNOR_APPLY_PROP_CORR
	C:0111H            SYMBOL             PWM_AFET_EXIT
	I:00A2H            SYMBOL             PGM_ENABLE_PWM_INPUT
	I:0090H            SYMBOL             _PGM_STARTUP_ACCEL
	I:008CH            SYMBOL             PGM_ENABLE_TX_PROGRAM
	I:008AH            SYMBOL             INITIALIZED_L_DUMMY
	D:0046H            SYMBOL             GOV_INTEGRAL_L
	D:0031H            SYMBOL             POWER_ON_WAIT_CNT_L
	D:0023H            SYMBOL             GOVERNOR_REQ_PWM
	B:00C7H            SYMBOL             MASTER
	B:00BEH            SYMBOL             PSPI0
	D:00FAH            SYMBOL             PCA0H
	D:00A1H            SYMBOL             SPI0CFG
	D:0093H            SYMBOL             TMR3RLH
	D:008CH            SYMBOL             TH0
	C:1D8AH            SYMBOL             PUT4
	C:1D49H            SYMBOL             MAI6
LX51 CODE BANKING LINKER/LOCATOR V06.18.15.328             09/01/16  09:39:26

	C:1650H            SYMBOL             WRITE_EEPROM_BLOCK1
	C:151CH            SYMBOL             NORMAL_RUN_CHECKS
	C:112CH            SYMBOL             INIT_NO_SIGNAL
	C:100CH            SYMBOL             WAIT_MS_1_M_M1
	C:0DCFH            SYMBOL             COMM45_NONDAMP_REV
	C:0B6CH            SYMBOL             WAIT_FOR_COMP_OUT_START
	C:0A3BH            SYMBOL             WAIT_ADVANCE_TIMING
	C:09A5H            SYMBOL             CALC_NEW_WAIT_PER_STARTUP_DONE
	C:06A3H            SYMBOL             CALC_GOVERNOR_PROP_ERROR
	C:04DCH            SYMBOL             PCA_INT_PPM_UNIDIR_NEG
	C:01B7H            SYMBOL             T2_INT_PPM_TIMEOUT_SET
	C:011BH            SYMBOL             PWM_BFET_EXIT
	C:00D5H            SYMBOL             T0_INT_PWM_OFF_EXIT_NFETS_OFF
	C:1A04H            SYMBOL             _EEP_PGM_GOV_I_GAIN
	C:1A01H            SYMBOL             EEP_FW_SUB_REVISION
	I:0098H            SYMBOL             PGM_BEEP_STRENGTH
	B:00A8H            SYMBOL             EX0
	B:0099H            SYMBOL             TI0
	B:0088H            SYMBOL             IT0
	D:00F8H            SYMBOL             SPI0CN
	D:00CDH            SYMBOL             TMR2H
	D:008DH            SYMBOL             TH1
	C:165EH            SYMBOL             WRITE_EEPROM_BLOCK2
	C:1317H            SYMBOL             PROGRAM_BY_TX_ENTRY_WAIT_PPM
	C:15EBH            SYMBOL             READ_ALL_EEPROM_PARAMETERS
	C:1033H            SYMBOL             WAIT_MS_1_M_M2
	C:0D38H            SYMBOL             COMM23_NFET_DONE_REV
	C:0B31H            SYMBOL             SETUP_ZC_SCAN_TIMEOUT_STARTUP_DONE
	C:0984H            SYMBOL             CALC_NEXT_COMM_NEW_PERIOD_DIV_DONE
	C:090DH            SYMBOL             CALC_NEXT_COMM_STARTUP
	C:0125H            SYMBOL             PWM_CFET_EXIT
	C:00A8H            SYMBOL             T0_INT
	C:1A18H            SYMBOL             _EEP_PGM_STARTUP_METHOD
	C:1A14H            SYMBOL             _EEP_PGM_VOLT_COMP
	I:0086H            SYMBOL             PGM_STARTUP_PWR
	D:0078H            SYMBOL             SKIP_T2H_INT
	D:006BH            SYMBOL             MAIN_SPOOLUP_TIME_3X
	D:005FH            SYMBOL             RCP_STOP_CNT
	D:005CH            SYMBOL             NEW_RCP
	D:0059H            SYMBOL             RCP_PREV_PERIOD_L
	D:0053H            SYMBOL             WT_COMM_START_L
	B:00AAH            SYMBOL             EX1
	B:008AH            SYMBOL             IT1
	D:00B1H            SYMBOL             OSCXCN
	D:00A8H            SYMBOL             IE
	D:0095H            SYMBOL             TMR3H
	D:008EH            SYMBOL             CKCON
	C:1459H            SYMBOL             INIT_START_BIDIR_DONE
	C:105AH            SYMBOL             WAIT_MS_1_M_M3
	C:100AH            SYMBOL             WAIT_MS_1_O_M1
	C:0C52H            SYMBOL             EVAL_COMP_EXIT
	C:055DH            SYMBOL             PCA_INT_SET_TIMEOUT
	C:0107H            SYMBOL             PWM_NOFET
	C:1A26H            SYMBOL             EEP_PGM_PWM_DITHER
	C:1A15H            SYMBOL             EEP_PGM_COMM_TIMING
	I:009CH            SYMBOL             PGM_DEMAG_COMP
	D:003EH            SYMBOL             PREV_PREV_COMM_L
	D:003CH            SYMBOL             PREV_COMM_H
	B:00F9H            SYMBOL             TXBMT
	B:00FCH            SYMBOL             RXOVRN
	B:00C1H            SYMBOL             ACK
	D:00FCH            SYMBOL             PCA0CPH0
	D:00F6H            SYMBOL             EIP1
	D:00CAH            SYMBOL             TMR2RLL
	D:00B9H            SYMBOL             IDA0CN
	C:1D4BH            SYMBOL             PUTW
	C:1142H            SYMBOL             BOOTLOADER_DONE
	C:1031H            SYMBOL             WAIT_MS_1_O_M2
LX51 CODE BANKING LINKER/LOCATOR V06.18.15.328             09/01/16  09:39:26

	C:0FCBH            SYMBOL             AVERAGE_THROTTLE
	C:0F28H            SYMBOL             DECODE_PARAMS_DIR_SET
	C:0E84H            SYMBOL             COMM61_NFET_DONE_REV
	C:0D67H            SYMBOL             COMM34_NFET_DONE_REV
	C:0C16H            SYMBOL             SETUP_COMM_WAIT
	C:09EFH            SYMBOL             CALC_NEXT_COMM_TIMING_FAST
	C:08B0H            SYMBOL             CHECK_VOLTAGE_LIM
	C:073CH            SYMBOL             CALC_GOVERNOR_INT_ERROR_EXIT
	C:015AH            SYMBOL             T2_INT
	I:0093H            SYMBOL             _PGM_DAMPING_FORCE
	D:0060H            SYMBOL             AUTO_BAILOUT_ARMED
	D:0020H            SYMBOL             BIT_ACCESS
	B:00D0H            SYMBOL             P
	D:00F9H            SYMBOL             PCA0L
	D:00EAH            SYMBOL             PCA0CPH1
	D:0092H            SYMBOL             TMR3RLL
	D:008AH            SYMBOL             TL0
	D:0087H            SYMBOL             PCON
	C:1D97H            SYMBOL             GET1
	D:0021H            SYMBOL             BYTE_REG
	C:16D8H            SYMBOL             STORE_TAIL_FUNC_1
	C:134EH            SYMBOL             ARM_END_BEEP
	C:128BH            SYMBOL             THROTTLE_HIGH_CAL_START
	C:106EH            SYMBOL             PGM_START
	C:1058H            SYMBOL             WAIT_MS_1_O_M3
	C:0B4DH            SYMBOL             WAIT_FOR_COMP_OUT_LOW
	C:0A4BH            SYMBOL             CALC_NEW_WAIT_TIMES
	C:09E9H            SYMBOL             LOAD_MIN_TIME
	C:08B9H            SYMBOL             SET_STARTUP_PWM
	C:0736H            SYMBOL             GOVERNOR_STORE_INT_ERROR
	C:02C8H            SYMBOL             T2H_INT_EXIT
	C:0080H            SYMBOL             GOV_GAIN_TABLE
	C:02D2H            SYMBOL             T3_INT
	I:0085H            SYMBOL             PGM_MOTOR_IDLE
	D:0075H            SYMBOL             TX_PGM_PARAVAL_NO
	D:0070H            SYMBOL             ADC_CONVERSION_CNT
	D:004CH            SYMBOL             GOV_ARM_TARGET
	D:0029H            SYMBOL             RCP_OUTSIDE_RANGE_CNT
	C:1A40H            SYMBOL             EEP_ESC_LAYOUT
	B:00C6H            SYMBOL             TXMODE
	D:00ECH            SYMBOL             PCA0CPH2
	D:00CCH            SYMBOL             TMR2L
	D:008BH            SYMBOL             TL1
	C:1DACH            SYMBOL             GET2
	C:179CH            SYMBOL             FUNC_PARAVAL
	C:170AH            SYMBOL             WAIT1S_LOOP
	C:16DDH            SYMBOL             STORE_TAIL_FUNC_2
	C:1563H            SYMBOL             RUN6_CHECK_DIR_REV
	C:0FFBH            SYMBOL             MUSIC_F1_BEEP
	C:0FEAH            SYMBOL             AVERAGE_THROTTLE_DIV
	C:0B93H            SYMBOL             COMP_CHECK_TIMEOUT
	C:0799H            SYMBOL             CALC_GOVERNOR_PROP_CORR_EXIT
	C:0731H            SYMBOL             GOVERNOR_INT_MIN_PWM
	C:06D6H            SYMBOL             GOVERNOR_LIMIT_PROP_ERROR_NEG
	C:05ACH            SYMBOL             BEEP_F1
	C:0476H            SYMBOL             PCA_INT_PPM_OUTSIDE_RANGE
	C:1A1DH            SYMBOL             EEP_PGM_BEACON_DELAY
	C:1A1CH            SYMBOL             EEP_PGM_BEACON_STRENGTH
	I:00D0H            SYMBOL             TAG_TEMPORARY_STORAGE
	I:0084H            SYMBOL             PGM_MOTOR_GAIN
	D:0071H            SYMBOL             CURRENT_AVERAGE_TEMP
	D:0064H            SYMBOL             PWM_SPOOLUP_BEG
	D:0061H            SYMBOL             PWM_LIMIT
	B:00FFH            SYMBOL             SPIF
	B:00CBH            SYMBOL             T2SPLIT
	B:00C3H            SYMBOL             ACKRQ
	D:0094H            SYMBOL             TMR3L
	C:1DD0H            SYMBOL             GET3
LX51 CODE BANKING LINKER/LOCATOR V06.18.15.328             09/01/16  09:39:26

	D:0029H            SYMBOL             BL_FLASH_KEY_1
	C:16E2H            SYMBOL             STORE_TAIL_FUNC_3
	C:153CH            SYMBOL             INITIAL_RUN_PHASE_DONE
	C:1022H            SYMBOL             MUSIC_F2_BEEP
	C:0FBCH            SYMBOL             TEST_THROTTLE_GAIN
	C:0D07H            SYMBOL             COMM23_FETS_DONE_REV
	C:0797H            SYMBOL             GOVERNOR_STORE_PROP_CORR
	C:075BH            SYMBOL             GOVERNOR_CHECK_PROP_CORR_LIMIT_POS
	C:0665H            SYMBOL             MULT_S16_BY_U8_POSITIVE
	C:0613H            SYMBOL             DIV_U16_BY_U16
	C:05D0H            SYMBOL             BEEP_ONOFF
	C:05B3H            SYMBOL             BEEP_F2
	C:04C3H            SYMBOL             PCA_INT_PPM_BIDIR_FWD
	C:040AH            SYMBOL             PCA_INT_CHECK_DIFF
	C:01BBH            SYMBOL             T2_INT_SKIP_START
	C:0109H            SYMBOL             PWM_AFET
	C:00FEH            SYMBOL             T0_INT_PWM_OFF_FULLPOWER_EXIT
	C:1A24H            SYMBOL             EEP_PGM_ENABLE_POWER_PROT
	C:1A17H            SYMBOL             _EEP_PGM_GOV_RANGE
	I:0082H            SYMBOL             PGM_GOV_MODE
	D:003BH            SYMBOL             PREV_COMM_L
	D:002AH            SYMBOL             RCP_TIMEOUT_CNTD
	B:00BCH            SYMBOL             PS0
	D:00FBH            SYMBOL             PCA0CPL0
	C:1C00H            SYMBOL             INIT
	D:002AH            SYMBOL             BL_FLASH_KEY_2
	C:1796H            SYMBOL             PARAVAL_NO_ENTRY
	C:16E7H            SYMBOL             STORE_TAIL_FUNC_4
	C:157CH            SYMBOL             RUN6_BRAKE_DONE
	C:173FH            SYMBOL             SUCCESS_BEEP_INVERTED
	C:1710H            SYMBOL             SUCCESS_BEEP
	C:1049H            SYMBOL             MUSIC_F3_BEEP
	C:0F94H            SYMBOL             FIND_THROTTLE_GAIN
	C:0F46H            SYMBOL             DECODE_SETTINGS
	C:0E0DH            SYMBOL             COMM56_NFET_DONE_REV
	C:159AH            SYMBOL             RUN_TO_WAIT_FOR_POWER_ON_FAIL
	C:086BH            SYMBOL             TEMP_AVERAGE_INC_DEC
	C:0729H            SYMBOL             GOVERNOR_INT_MAX_PWM
	C:0709H            SYMBOL             GOVERNOR_LIMIT_INT_ERROR_POS
	C:05BAH            SYMBOL             BEEP_F3
	C:0323H            SYMBOL             PCA_INT_FAIL_MINIMUM
	C:0113H            SYMBOL             PWM_BFET
	C:00F7H            SYMBOL             T0_INT_PWM_OFF_EXIT
	C:1A03H            SYMBOL             _EEP_PGM_GOV_P_GAIN
	D:0069H            SYMBOL             SPOOLUP_LIMIT_CNT
	B:00CFH            SYMBOL             TF2H
	B:00B9H            SYMBOL             PT0
	D:00E9H            SYMBOL             PCA0CPL1
	D:00DAH            SYMBOL             PCA0CPM0
	D:00B6H            SYMBOL             FLSCL
	D:0089H            SYMBOL             TMOD
	D:0088H            SYMBOL             TCON
	C:16ECH            SYMBOL             STORE_TAIL_FUNC_5
	C:1386H            SYMBOL             BEEP_DELAY_SET
	C:1271H            SYMBOL             PROGRAM_BY_TX_ENTRY_WAIT_PWM
	C:1093H            SYMBOL             LOCK_BYTE_OK
	C:0FDBH            SYMBOL             AVERAGE_THROTTLE_MEAS
	C:0F40H            SYMBOL             DECODE_PWM_FREQ_LOW
	C:0E53H            SYMBOL             COMM61_FETS_DONE_REV
	C:0BE9H            SYMBOL             COMP_READ_WRONG_LOW_RPM
	C:0822H            SYMBOL             SET_PWM_LIMIT_LOW_RPM_EXIT
	C:05C1H            SYMBOL             BEEP_F4
	C:0509H            SYMBOL             PCA_INT_PPM_MAX_CHECKED
	C:03F4H            SYMBOL             PCA_INT_RESTORE_EDGE
	C:0280H            SYMBOL             T2_INT_CURRENT_PWM_DITHER_MAX_POWER
	C:011DH            SYMBOL             PWM_CFET
	I:00A7H            SYMBOL             PGM_STARTUP_PWR_DECODED
	I:0095H            SYMBOL             _PGM_STARTUP_METHOD
LX51 CODE BANKING LINKER/LOCATOR V06.18.15.328             09/01/16  09:39:26

	I:0091H            SYMBOL             _PGM_VOLT_COMP
	I:0081H            SYMBOL             PGM_GOV_I_GAIN
	B:00FAH            SYMBOL             NSSMD0
	B:00FEH            SYMBOL             WCOL
	B:00E8H            SYMBOL             AD0CM0
	B:00DEH            SYMBOL             CR
	B:00D3H            SYMBOL             RS0
	B:00BBH            SYMBOL             PT1
	B:009CH            SYMBOL             REN0
	D:00EBH            SYMBOL             PCA0CPL2
	D:00DBH            SYMBOL             PCA0CPM1
	D:00D9H            SYMBOL             PCA0MD
	D:00D8H            SYMBOL             PCA0CN
	D:00A3H            SYMBOL             SPI0DAT
	C:17FAH            SYMBOL             PROGRAM_BY_TX_EXIT
	C:16F1H            SYMBOL             STORE_TAIL_FUNC_6
	C:166FH            SYMBOL             READ_EEPROM_BYTE
	C:12C7H            SYMBOL             THROTTLE_LOW_CAL
	C:0BB1H            SYMBOL             COMP_READ_WRONG
	C:0AE7H            SYMBOL             STORE_TIMES_UP_OR_DOWN_FAST
	C:0AF5H            SYMBOL             STORE_TIMES_DECREASE_FAST
	C:0883H            SYMBOL             TEMP_AVERAGE_UPDATED
	C:0836H            SYMBOL             SET_PWM_LIMIT_HIGH_RPM_STORE
	C:07CBH            SYMBOL             GOVERNOR_APPLY_INT_CORR
	C:0766H            SYMBOL             GOVERNOR_LIMIT_PROP_CORR_POS
	C:0609H            SYMBOL             BEEP_OFF
	C:058DH            SYMBOL             WAIT10MS
	C:025EH            SYMBOL             T2_INT_CURRENT_PWM_FULL_DITHER
	C:0136H            SYMBOL             PWM_AFET_DAMPED_EXIT
	C:00B7H            SYMBOL             T0_INT_PWM_ON_EXIT
	C:1A20H            SYMBOL             EEP_PGM_BEC_VOLTAGE_HIGH
	C:1A0EH            SYMBOL             EEP_INITIALIZED_H
	C:1A0CH            SYMBOL             EEP_PGM_INPUT_POL
	I:00A3H            SYMBOL             PGM_PWM_DITHER
	I:0092H            SYMBOL             PGM_COMM_TIMING
	D:0074H            SYMBOL             TX_PGM_FUNC_NO
	D:0024H            SYMBOL             CURRENT_PWM
	B:00FBH            SYMBOL             NSSMD1
	B:00E9H            SYMBOL             AD0CM1
	B:00EEH            SYMBOL             AD0TM
	B:00D4H            SYMBOL             RS1
	B:00D5H            SYMBOL             F0
	B:00C4H            SYMBOL             STO
	B:00BDH            SYMBOL             PT2
	B:008CH            SYMBOL             TR0
	D:00DCH            SYMBOL             PCA0CPM2
	D:00C8H            SYMBOL             TMR2CN
	C:1D8EH            SYMBOL             GETW
	C:16F6H            SYMBOL             STORE_TAIL_FUNC_7
	C:16BBH            SYMBOL             READ_TAG
	C:10BCH            SYMBOL             RESET_CAL_DONE
	C:0FF9H            SYMBOL             MUSIC_F1
	C:0F0DH            SYMBOL             DECODE_PARAMETERS
	C:0DADH            SYMBOL             COMM45_FETS_DONE_REV
	C:0CE5H            SYMBOL             COMM23_NFET_OFF
	C:0B0DH            SYMBOL             SETUP_ZC_SCAN_TIMEOUT
	C:0A96H            SYMBOL             STORE_TIMES_INCREASE
	C:083BH            SYMBOL             MEASURE_LIPO_CELLS
	C:06DFH            SYMBOL             CALC_GOVERNOR_INT_ERROR
	C:04A5H            SYMBOL             PCA_INT_PPM_CALCULATE
	C:0571H            SYMBOL             PCA_INT_EXIT
	C:01E3H            SYMBOL             T2_INT_RCP_UPDATE_MULT
	C:0147H            SYMBOL             PWM_BFET_DAMPED_EXIT
	D:005BH            SYMBOL             RCP_PERIOD_DIFF_ACCEPTED
	D:0043H            SYMBOL             COMPARATOR_READ_CNT
	D:0033H            SYMBOL             STARTUP_CNT
	B:00EAH            SYMBOL             AD0CM2
	B:00EBH            SYMBOL             AD0WINT
LX51 CODE BANKING LINKER/LOCATOR V06.18.15.328             09/01/16  09:39:26

	B:00D1H            SYMBOL             F1
	B:00C2H            SYMBOL             ARBLOST
	B:008EH            SYMBOL             TR1
	D:00D4H            SYMBOL             P0SKIP
	D:0091H            SYMBOL             TMR3CN
	C:1D9CH            SYMBOL             GETX
	C:16FBH            SYMBOL             STORE_TAIL_FUNC_8
	C:1572H            SYMBOL             RUN6_CHECK_SPEED
	C:13B5H            SYMBOL             WAIT_FOR_POWER_ON_PPM_NOT_MISSING
	C:1020H            SYMBOL             MUSIC_F2
	C:0E8CH            SYMBOL             SWITCH_POWER_OFF
	C:0BBDH            SYMBOL             COMP_READ_WRONG_NOT_STARTUP
	C:09C1H            SYMBOL             CALC_NEW_WAIT_PER_DEMAG_DONE
	C:0592H            SYMBOL             WAIT30MS
	C:04FAH            SYMBOL             PCA_INT_PPM_BIDIR_DONE
	C:03E3H            SYMBOL             PCA_INT_CHECK_1KHZ
	C:029CH            SYMBOL             T2H_INT
	C:0158H            SYMBOL             PWM_CFET_DAMPED_EXIT
	D:0048H            SYMBOL             GOV_INTEGRAL_X
	C:1A50H            SYMBOL             EEP_ESC_MCU
	B:00ECH            SYMBOL             AD0BUSY
	B:00C8H            SYMBOL             T2XCLK
	B:00CAH            SYMBOL             TR2
	B:00CEH            SYMBOL             TF2L
	B:00B8H            SYMBOL             PX0
	D:00D5H            SYMBOL             P1SKIP
	C:1CC6H            SYMBOL             RST
	C:17C9H            SYMBOL             FUNC_PARAVAL_CONT_WAIT
	C:1700H            SYMBOL             STORE_TAIL_FUNC_9
	C:16C5H            SYMBOL             WRITE_TAGS
	C:15A2H            SYMBOL             RUN_TO_WAIT_FOR_POWER_ON
	C:1708H            SYMBOL             WAIT1S
	C:1047H            SYMBOL             MUSIC_F3
	C:0E31H            SYMBOL             COMM61_NFET_OFF
	C:0C42H            SYMBOL             EVAL_COMP_CHECK_TIMEOUT
	C:0A7DH            SYMBOL             ADJUST_TIMING_TWO_STEPS
	C:08D9H            SYMBOL             INITIALIZE_TIMING
	C:08B8H            SYMBOL             CHECK_VOLTAGE_RET
	C:05A3H            SYMBOL             WAITXMS_M
	C:03D2H            SYMBOL             PCA_INT_CHECK_2KHZ
	I:009AH            SYMBOL             PGM_BEACON_DELAY
	I:0099H            SYMBOL             PGM_BEACON_STRENGTH
	D:004EH            SYMBOL             WT_ADV_START_H
	D:0045H            SYMBOL             GOV_TARGET_H
	B:00BAH            SYMBOL             PX1
	D:00B8H            SYMBOL             IP
	C:1CB7H            SYMBOL             EXIT
	C:1DEFH            SYMBOL             BOOT_MSG
	C:140EH            SYMBOL             READ_INITIAL_TEMP
	C:13A9H            SYMBOL             WAIT_FOR_POWER_ON_NO_BEEP
	C:130EH            SYMBOL             PROGRAM_BY_TX_ENTRY_STORE
	C:0F45H            SYMBOL             DECODE_PWM_FREQ_END
	C:0C89H            SYMBOL             WAIT_FOR_COMM_WAIT
	C:083FH            SYMBOL             START_ADC_CONVERSION
	C:0699H            SYMBOL             MULT_S16_BY_U8_EXIT
	C:051BH            SYMBOL             PCA_INT_PPM_LIMIT_AFTER_MULT
	C:02C8H            SYMBOL             T2H_INT_RCP_GOV_PWM
	C:020BH            SYMBOL             T2_INT_PWM_MIN_RUN
	C:009AH            SYMBOL             PWM_DITHER_TABLE
	C:1A60H            SYMBOL             EEP_NAME
	C:1A0DH            SYMBOL             EEP_INITIALIZED_L
	I:00A1H            SYMBOL             PGM_ENABLE_POWER_PROT
	D:0066H            SYMBOL             PWM_DITHER_DECODED
	D:0063H            SYMBOL             PWM_LIMIT_BY_RPM
	D:0039H            SYMBOL             LOW_RPM_PWR_SLOPE
	D:0035H            SYMBOL             INITIAL_RUN_ROT_CNTD
	D:0021H            SYMBOL             BIT_ACCESS_INT
	D:00D0H            SYMBOL             PSW
LX51 CODE BANKING LINKER/LOCATOR V06.18.15.328             09/01/16  09:39:26

	C:1DDCH            SYMBOL             WAITF
	C:1705H            SYMBOL             STORE_IN_RAM_EXIT
	C:120DH            SYMBOL             VALIDATE_RCP_START
	C:108CH            SYMBOL             LOCK_BYTE_TEST
	C:0D8BH            SYMBOL             COMM45_NFET_OFF
	C:0CB3H            SYMBOL             COMM12_REV
	C:0C9AH            SYMBOL             COMM1COMM2
	C:0BF6H            SYMBOL             COMP_READ_WRONG_LOAD_TIMEOUT
	C:0B05H            SYMBOL             WAIT_BEFORE_ZC_SCAN_WAIT
	C:0881H            SYMBOL             TEMP_AVERAGE_UPDATED_LOAD_ACC
	C:0877H            SYMBOL             TEMP_AVERAGE_DEC
	C:073DH            SYMBOL             CALC_GOVERNOR_PROP_CORRECTION
	C:05A1H            SYMBOL             WAITXMS_O
	C:0566H            SYMBOL             PCA_INT_PPM_TIMEOUT_SET
	C:03C1H            SYMBOL             PCA_INT_CHECK_4KHZ
	C:00C5H            SYMBOL             T0_INT_PWM_OFF
	C:009FH            SYMBOL             TX_PGM_PARAMS_TAIL
	I:0094H            SYMBOL             PGM_GOV_RANGE
	D:004AH            SYMBOL             GOV_PROPORTIONAL_H
	D:00C4H            SYMBOL             ADC0GTH
	D:00C1H            SYMBOL             SMB0CF
	D:00B7H            SYMBOL             FLKEY
	C:1D6FH            SYMBOL             PUTC
	D:0020H            SYMBOL             BIT_REG
	C:162CH            SYMBOL             READ_EEPROM_EXIT
	C:1363H            SYMBOL             WAIT_FOR_POWER_ON_LOOP
	C:1136H            SYMBOL             INPUT_HIGH_CHECK_1
	C:08A9H            SYMBOL             CHECK_VOLTAGE_START
	C:07F5H            SYMBOL             SET_PWM_LIMIT_LOW_RPM
	C:07F4H            SYMBOL             CALC_GOVERNOR_INT_CORR_EXIT
	C:0712H            SYMBOL             GOVERNOR_LIMIT_INT_ERROR_NEG
	C:067EH            SYMBOL             MULT_S16_BY_U8_DIV_LOOP
	C:05C8H            SYMBOL             BEEP
	C:04C8H            SYMBOL             PCA_INT_PPM_BIDIR_DIR_SET
	C:0425H            SYMBOL             PCA_INT_FALL
	C:01C6H            SYMBOL             T2_INT_SKIP_END
	C:1A23H            SYMBOL             EEP_PGM_TEMP_PROT_ENABLE
	C:1A1EH            SYMBOL             _EEP_PGM_THROTTLE_RATE
	C:1A12H            SYMBOL             _EEP_PGM_STARTUP_RPM
	I:00A6H            SYMBOL             PGM_GOV_I_GAIN_DECODED
	I:0080H            SYMBOL             PGM_GOV_P_GAIN
	D:006CH            SYMBOL             MAIN_SPOOLUP_TIME_10X
	D:0042H            SYMBOL             COMM_PHASE
	D:0028H            SYMBOL             RCP_PREV_EDGE_H
	B:00D8H            SYMBOL             CCF0
	B:00D7H            SYMBOL             CY
	B:00C0H            SYMBOL             SI
	B:009AH            SYMBOL             RB80
	D:00E1H            SYMBOL             XBR0
	D:00AAH            SYMBOL             EMI0CN
	D:00A2H            SYMBOL             SPI0CKR
	D:009FH            SYMBOL             CPT0MX
	D:0083H            SYMBOL             DPH
	C:1DE0H            SYMBOL             WAITH
	C:168FH            SYMBOL             ERASE_FLASH
	C:15A5H            SYMBOL             RUN_TO_WAIT_FOR_POWER_ON_STALL_DONE
	C:178DH            SYMBOL             PROGRAM_BY_TX
	C:1138H            SYMBOL             INPUT_HIGH_CHECK_2
	C:0D0FH            SYMBOL             COMM23_NONDAMP
	C:0CC9H            SYMBOL             COMM2COMM3
	C:0968H            SYMBOL             CALC_NEXT_COMM_AVG_PERIOD_DIV
	C:07F2H            SYMBOL             GOVERNOR_STORE_INT_CORR
	C:07B4H            SYMBOL             GOVERNOR_CHECK_INT_CORR_LIMIT_POS
	C:0784H            SYMBOL             GOVERNOR_CORR_PROP_MIN_PWM
	C:0127H            SYMBOL             PWM_AFET_DAMPED
	C:1A11H            SYMBOL             _EEP_PGM_GOV_SETUP_TARGET
	C:1A0BH            SYMBOL             EEP_PGM_DIRECTION
	C:1A0AH            SYMBOL             EEP_PGM_PWM_FREQ
LX51 CODE BANKING LINKER/LOCATOR V06.18.15.328             09/01/16  09:39:26

	I:009DH            SYMBOL             PGM_BEC_VOLTAGE_HIGH
	I:0089H            SYMBOL             PGM_INPUT_POL
	D:004DH            SYMBOL             WT_ADV_START_L
	D:0044H            SYMBOL             GOV_TARGET_L
	D:0038H            SYMBOL             DEMAG_PWR_OFF_THRESH
	D:0034H            SYMBOL             STARTUP_ZC_TIMEOUT_CNTD
	D:002CH            SYMBOL             FLAGS0
	D:0025H            SYMBOL             CURRENT_PWM_LIMITED
	B:00D9H            SYMBOL             CCF1
	D:00E2H            SYMBOL             XBR1
	D:00B3H            SYMBOL             OSCICL
	C:1C4AH            SYMBOL             ID1
	C:17BCH            SYMBOL             FUNC_PARAVAL_STORE
	C:1674H            SYMBOL             WRITE_EEPROM_BYTE_FROM_ACC
	C:1614H            SYMBOL             READ_EEPROM_BLOCK1
	C:160DH            SYMBOL             READ_EEPROM_READ
	C:0CEFH            SYMBOL             COMM23_DAMP_REV
	C:0AC7H            SYMBOL             CALC_NEW_WAIT_TIMES_FAST
	C:0A35H            SYMBOL             LOAD_MIN_TIME_FAST
	C:083EH            SYMBOL             MEASURE_LIPO_EXIT
	C:076CH            SYMBOL             GOVERNOR_LIMIT_PROP_CORR_NEG
	C:06C3H            SYMBOL             GOVERNOR_CHECK_PROP_LIMIT_POS
	C:034CH            SYMBOL             PCA_INT_SECOND_MEAS_PWM_FREQ
	C:02ABH            SYMBOL             T2H_INT_RCP_STOP_CHECK
	C:0138H            SYMBOL             PWM_BFET_DAMPED
	C:02E5H            SYMBOL             PCA_INT
	C:1A21H            SYMBOL             EEP_PGM_PPM_CENTER_THROTTLE
	D:002DH            SYMBOL             FLAGS1
	B:00DAH            SYMBOL             CCF2
	B:009BH            SYMBOL             TB80
	B:0089H            SYMBOL             IE0
	D:00D1H            SYMBOL             REF0CN
	D:00A9H            SYMBOL             CLKSEL
	C:1DF3H            SYMBOL             BOOT_INFO
	C:1622H            SYMBOL             READ_EEPROM_BLOCK2
	C:11AAH            SYMBOL             MEASURE_PWM_FREQ_START
	C:0E5BH            SYMBOL             COMM61_NONDAMP
	C:0E15H            SYMBOL             COMM6COMM1
	C:0D59H            SYMBOL             COMM34_REV
	C:0D40H            SYMBOL             COMM3COMM4
	C:0BA4H            SYMBOL             COMP_CHECK_TIMEOUT_EXTEND_TIMEOUT
	C:0B5EH            SYMBOL             WAIT_FOR_COMP_OUT_HIGH
	C:0795H            SYMBOL             GOVERNOR_CORR_PROP_MAX_PWM
	C:04BCH            SYMBOL             PCA_INT_PPM_BIDIR_REV
	C:03B0H            SYMBOL             PCA_INT_CHECK_8KHZ
	C:0277H            SYMBOL             T2_INT_CURRENT_PWM_DITHER_MAX_EXCESS_P&
OWER
	C:0149H            SYMBOL             PWM_CFET_DAMPED
	C:1A22H            SYMBOL             _EEP_PGM_MAIN_SPOOLUP_TIME
	C:1A06H            SYMBOL             _EEP_PGM_LOW_VOLTAGE_LIM
	D:007BH            SYMBOL             DAMPINGFET
	D:0050H            SYMBOL             WT_ZC_SCAN_START_H
	D:004BH            SYMBOL             GOV_PROP_PWM
	D:0049H            SYMBOL             GOV_PROPORTIONAL_L
	D:003DH            SYMBOL             PREV_COMM_X
	D:002EH            SYMBOL             FLAGS2
	D:0026H            SYMBOL             CURRENT_PWM_LIM_DITH
	B:00F8H            SYMBOL             SPIEN
	B:008BH            SYMBOL             IE1
	D:00C3H            SYMBOL             ADC0GTL
	D:00B2H            SYMBOL             OSCICN
	C:0000H            LINE#              2793
	C:00A8H            LINE#              2838
	C:00AAH            LINE#              2850
	C:00ACH            LINE#              2851
	C:00AEH            LINE#              2853
	C:00B1H            LINE#              2856
	C:00B3H            LINE#              2857
LX51 CODE BANKING LINKER/LOCATOR V06.18.15.328             09/01/16  09:39:26

	C:00B5H            LINE#              2859
	C:00B6H            LINE#              2860
	C:00B7H            LINE#              2864
	C:00B9H            LINE#              2865
	C:00BAH            LINE#              2867
	C:00BCH            LINE#              2883
	C:00BEH            LINE#              2886
	C:00C0H            LINE#              2887
	C:00C2H            LINE#              2888
	C:00C4H            LINE#              2889
	C:00C5H            LINE#              2895
	C:00C8H            LINE#              2912
	C:00CAH            LINE#              2914
	C:00CCH            LINE#              2915
	C:00CDH            LINE#              2916
	C:00CFH            LINE#              2920
	C:00D2H            LINE#              2923
	C:00D5H            LINE#              2931
	C:00D7H            LINE#              2932
	C:00D9H            LINE#              2934
	C:00DFH            LINE#              2936
	C:00E1H            LINE#              2937
	C:00E2H            LINE#              2942
	C:00E8H            LINE#              2946
	C:00EBH            LINE#              2947
	C:00EEH            LINE#              2949
	C:00F0H            LINE#              2950
	C:00F3H            LINE#              2952
	C:00F7H            LINE#              2966
	C:00F9H            LINE#              2967
	C:00FBH            LINE#              2968
	C:00FDH            LINE#              2969
	C:00FEH            LINE#              2972
	C:0101H            LINE#              2977
	C:0103H            LINE#              2978
	C:0105H            LINE#              2979
	C:0107H            LINE#              2983
	C:0109H            LINE#              2986
	C:010CH            LINE#              2987
	C:010FH            LINE#              2988
	C:0111H            LINE#              2990
	C:0113H            LINE#              2993
	C:0116H            LINE#              2994
	C:0119H            LINE#              2995
	C:011BH            LINE#              2997
	C:011DH            LINE#              3000
	C:0120H            LINE#              3001
	C:0123H            LINE#              3002
	C:0125H            LINE#              3004
	C:0127H            LINE#              3008
	C:0129H            LINE#              3010
	C:012CH            LINE#              3011
	C:012FH            LINE#              3013
	C:0131H            LINE#              3014
	C:0134H            LINE#              3017
	C:0136H            LINE#              3019
	C:0138H            LINE#              3023
	C:013AH            LINE#              3025
	C:013DH            LINE#              3026
	C:0140H            LINE#              3028
	C:0142H            LINE#              3029
	C:0145H            LINE#              3032
	C:0147H            LINE#              3034
	C:0149H            LINE#              3038
	C:014BH            LINE#              3040
	C:014EH            LINE#              3041
	C:0151H            LINE#              3043
	C:0153H            LINE#              3044
LX51 CODE BANKING LINKER/LOCATOR V06.18.15.328             09/01/16  09:39:26

	C:0156H            LINE#              3047
	C:0158H            LINE#              3049
	C:015AH            LINE#              3060
	C:015CH            LINE#              3061
	C:015EH            LINE#              3062
	C:0161H            LINE#              3063
	C:0163H            LINE#              3064
	C:0165H            LINE#              3065
	C:0167H            LINE#              3066
	C:0169H            LINE#              3082
	C:016BH            LINE#              3084
	C:016DH            LINE#              3085
	C:016FH            LINE#              3088
	C:0172H            LINE#              3090
	C:0174H            LINE#              3091
	C:0176H            LINE#              3095
	C:0178H            LINE#              3096
	C:017AH            LINE#              3097
	C:017DH            LINE#              3099
	C:0183H            LINE#              3100
	C:0186H            LINE#              3101
	C:0188H            LINE#              3102
	C:0197H            LINE#              3103
	C:0199H            LINE#              3104
	C:019BH            LINE#              3105
	C:01A1H            LINE#              3106
	C:01A4H            LINE#              3107
	C:01A6H            LINE#              3108
	C:01A7H            LINE#              3109
	C:01A8H            LINE#              3110
	C:01A9H            LINE#              3111
	C:01ABH            LINE#              3114
	C:01AEH            LINE#              3116
	C:01B1H            LINE#              3118
	C:01B4H            LINE#              3120
	C:01B7H            LINE#              3123
	C:01B9H            LINE#              3124
	C:01BBH            LINE#              3127
	C:01BEH            LINE#              3130
	C:01C0H            LINE#              3131
	C:01C2H            LINE#              3134
	C:01C4H            LINE#              3135
	C:01C6H            LINE#              3139
	C:01C9H            LINE#              3140
	C:01CBH            LINE#              3144
	C:01CEH            LINE#              3145
	C:01D0H            LINE#              3147
	C:01D2H            LINE#              3148
	C:01D5H            LINE#              3150
	C:01D7H            LINE#              3153
	C:01DAH            LINE#              3165
	C:01DBH            LINE#              3166
	C:01DCH            LINE#              3167
	C:01DEH            LINE#              3168
	C:01E0H            LINE#              3170
	C:01E2H            LINE#              3171
	C:01E3H            LINE#              3175
	C:01E4H            LINE#              3176
	C:01E5H            LINE#              3177
	C:01E7H            LINE#              3178
	C:01E8H            LINE#              3179
	C:01E9H            LINE#              3181
	C:01EBH            LINE#              3182
	C:01EEH            LINE#              3183
	C:01F0H            LINE#              3185
	C:01F1H            LINE#              3186
	C:01F2H            LINE#              3187
	C:01F3H            LINE#              3188
LX51 CODE BANKING LINKER/LOCATOR V06.18.15.328             09/01/16  09:39:26

	C:01F4H            LINE#              3189
	C:01F6H            LINE#              3190
	C:01F9H            LINE#              3192
	C:01FAH            LINE#              3193
	C:01FBH            LINE#              3196
	C:01FEH            LINE#              3198
	C:01FFH            LINE#              3199
	C:0200H            LINE#              3200
	C:0201H            LINE#              3201
	C:0202H            LINE#              3202
	C:0204H            LINE#              3205
	C:0205H            LINE#              3206
	C:0206H            LINE#              3207
	C:0208H            LINE#              3209
	C:020AH            LINE#              3210
	C:020BH            LINE#              3216
	C:020CH            LINE#              3217
	C:020DH            LINE#              3218
	C:020FH            LINE#              3219
	C:0211H            LINE#              3221
	C:0213H            LINE#              3222
	C:0214H            LINE#              3227
	C:0216H            LINE#              3230
	C:0218H            LINE#              3231
	C:021AH            LINE#              3232
	C:021CH            LINE#              3234
	C:021FH            LINE#              3236
	C:0221H            LINE#              3237
	C:0222H            LINE#              3238
	C:0223H            LINE#              3239
	C:0224H            LINE#              3240
	C:0225H            LINE#              3241
	C:0226H            LINE#              3242
	C:0228H            LINE#              3243
	C:0229H            LINE#              3244
	C:022AH            LINE#              3245
	C:022BH            LINE#              3246
	C:022CH            LINE#              3247
	C:022DH            LINE#              3248
	C:022EH            LINE#              3249
	C:0230H            LINE#              3250
	C:0232H            LINE#              3252
	C:0234H            LINE#              3254
	C:0235H            LINE#              3255
	C:0237H            LINE#              3256
	C:0239H            LINE#              3257
	C:023BH            LINE#              3259
	C:023EH            LINE#              3268
	C:0241H            LINE#              3271
	C:0243H            LINE#              3272
	C:0244H            LINE#              3273
	C:0246H            LINE#              3274
	C:0248H            LINE#              3275
	C:024AH            LINE#              3277
	C:024CH            LINE#              3289
	C:024EH            LINE#              3291
	C:0250H            LINE#              3292
	C:0252H            LINE#              3293
	C:0254H            LINE#              3295
	C:0255H            LINE#              3296
	C:0256H            LINE#              3297
	C:0258H            LINE#              3298
	C:0259H            LINE#              3299
	C:025BH            LINE#              3301
	C:025CH            LINE#              3302
	C:025DH            LINE#              3303
	C:025EH            LINE#              3306
	C:025FH            LINE#              3307
LX51 CODE BANKING LINKER/LOCATOR V06.18.15.328             09/01/16  09:39:26

	C:0260H            LINE#              3308
	C:0261H            LINE#              3309
	C:0262H            LINE#              3310
	C:0263H            LINE#              3311
	C:0265H            LINE#              3312
	C:0266H            LINE#              3313
	C:0267H            LINE#              3314
	C:0268H            LINE#              3315
	C:026AH            LINE#              3317
	C:026CH            LINE#              3318
	C:026DH            LINE#              3319
	C:026FH            LINE#              3320
	C:0271H            LINE#              3321
	C:0273H            LINE#              3322
	C:0275H            LINE#              3324
	C:0277H            LINE#              3327
	C:0278H            LINE#              3328
	C:0279H            LINE#              3329
	C:027BH            LINE#              3330
	C:027CH            LINE#              3331
	C:027EH            LINE#              3332
	C:0280H            LINE#              3335
	C:0282H            LINE#              3338
	C:0284H            LINE#              3341
	C:0286H            LINE#              3342
	C:0287H            LINE#              3343
	C:0289H            LINE#              3344
	C:028BH            LINE#              3345
	C:028DH            LINE#              3346
	C:028FH            LINE#              3351
	C:0292H            LINE#              3352
	C:0294H            LINE#              3353
	C:0296H            LINE#              3354
	C:0299H            LINE#              3355
	C:029BH            LINE#              3356
	C:029CH            LINE#              3360
	C:029EH            LINE#              3361
	C:02A0H            LINE#              3376
	C:02A2H            LINE#              3378
	C:02A4H            LINE#              3379
	C:02A6H            LINE#              3382
	C:02A9H            LINE#              3384
	C:02ABH            LINE#              3388
	C:02ACH            LINE#              3389
	C:02AEH            LINE#              3390
	C:02B0H            LINE#              3391
	C:02B2H            LINE#              3394
	C:02B5H            LINE#              3395
	C:02B7H            LINE#              3399
	C:02BAH            LINE#              3400
	C:02BDH            LINE#              3401
	C:02BFH            LINE#              3402
	C:02C1H            LINE#              3403
	C:02C3H            LINE#              3404
	C:02C5H            LINE#              3406
	C:02C8H            LINE#              3540
	C:02CAH            LINE#              3541
	C:02CCH            LINE#              3542
	C:02CFH            LINE#              3543
	C:02D1H            LINE#              3544
	C:02D2H            LINE#              3555
	C:02D4H            LINE#              3556
	C:02D7H            LINE#              3557
	C:02DAH            LINE#              3558
	C:02DDH            LINE#              3559
	C:02DFH            LINE#              3560
	C:02E2H            LINE#              3561
	C:02E4H            LINE#              3562
LX51 CODE BANKING LINKER/LOCATOR V06.18.15.328             09/01/16  09:39:26

	C:02E5H            LINE#              3573
	C:02E7H            LINE#              3574
	C:02EAH            LINE#              3575
	C:02ECH            LINE#              3576
	C:02EEH            LINE#              3577
	C:02F0H            LINE#              3578
	C:02F2H            LINE#              3579
	C:02F4H            LINE#              3580
	C:02F6H            LINE#              3582
	C:02FAH            LINE#              3584
	C:02FCH            LINE#              3586
	C:02FFH            LINE#              3587
	C:0301H            LINE#              3589
	C:0310H            LINE#              3590
	C:0312H            LINE#              3592
	C:0318H            LINE#              3594
	C:031BH            LINE#              3595
	C:031DH            LINE#              3598
	C:031FH            LINE#              3599
	C:0321H            LINE#              3600
	C:0323H            LINE#              3604
	C:0332H            LINE#              3605
	C:0334H            LINE#              3606
	C:0336H            LINE#              3607
	C:0339H            LINE#              3609
	C:033BH            LINE#              3611
	C:033DH            LINE#              3612
	C:0343H            LINE#              3613
	C:0346H            LINE#              3615
	C:0348H            LINE#              3617
	C:034AH            LINE#              3618
	C:034CH            LINE#              3622
	C:035BH            LINE#              3623
	C:035DH            LINE#              3625
	C:0360H            LINE#              3626
	C:0362H            LINE#              3629
	C:0371H            LINE#              3630
	C:0373H            LINE#              3631
	C:0375H            LINE#              3633
	C:0377H            LINE#              3634
	C:0379H            LINE#              3636
	C:037AH            LINE#              3637
	C:037BH            LINE#              3638
	C:037DH            LINE#              3639
	C:037EH            LINE#              3640
	C:037FH            LINE#              3641
	C:0381H            LINE#              3642
	C:0382H            LINE#              3643
	C:0384H            LINE#              3644
	C:0386H            LINE#              3645
	C:0388H            LINE#              3647
	C:0389H            LINE#              3648
	C:038AH            LINE#              3649
	C:038CH            LINE#              3650
	C:038DH            LINE#              3651
	C:038FH            LINE#              3652
	C:0391H            LINE#              3654
	C:0394H            LINE#              3655
	C:0396H            LINE#              3658
	C:0398H            LINE#              3659
	C:039AH            LINE#              3660
	C:039BH            LINE#              3661
	C:039DH            LINE#              3662
	C:039FH            LINE#              3665
	C:03A0H            LINE#              3666
	C:03A1H            LINE#              3667
	C:03A3H            LINE#              3668
	C:03A4H            LINE#              3669
LX51 CODE BANKING LINKER/LOCATOR V06.18.15.328             09/01/16  09:39:26

	C:03A6H            LINE#              3670
	C:03A8H            LINE#              3672
	C:03A9H            LINE#              3673
	C:03ABH            LINE#              3674
	C:03ACH            LINE#              3675
	C:03AEH            LINE#              3676
	C:03B0H            LINE#              3680
	C:03B1H            LINE#              3681
	C:03B2H            LINE#              3682
	C:03B4H            LINE#              3683
	C:03B5H            LINE#              3684
	C:03B7H            LINE#              3685
	C:03B9H            LINE#              3687
	C:03BAH            LINE#              3688
	C:03BCH            LINE#              3689
	C:03BDH            LINE#              3690
	C:03BFH            LINE#              3691
	C:03C1H            LINE#              3695
	C:03C2H            LINE#              3696
	C:03C3H            LINE#              3697
	C:03C5H            LINE#              3698
	C:03C6H            LINE#              3699
	C:03C8H            LINE#              3700
	C:03CAH            LINE#              3702
	C:03CBH            LINE#              3703
	C:03CDH            LINE#              3704
	C:03CEH            LINE#              3705
	C:03D0H            LINE#              3706
	C:03D2H            LINE#              3710
	C:03D3H            LINE#              3711
	C:03D4H            LINE#              3712
	C:03D6H            LINE#              3713
	C:03D7H            LINE#              3714
	C:03D9H            LINE#              3715
	C:03DBH            LINE#              3717
	C:03DCH            LINE#              3718
	C:03DEH            LINE#              3719
	C:03DFH            LINE#              3720
	C:03E1H            LINE#              3721
	C:03E3H            LINE#              3725
	C:03E4H            LINE#              3726
	C:03E5H            LINE#              3727
	C:03E7H            LINE#              3728
	C:03E8H            LINE#              3729
	C:03EAH            LINE#              3730
	C:03ECH            LINE#              3732
	C:03EDH            LINE#              3733
	C:03EFH            LINE#              3734
	C:03F0H            LINE#              3735
	C:03F2H            LINE#              3738
	C:03F4H            LINE#              3741
	C:03F5H            LINE#              3742
	C:03F6H            LINE#              3743
	C:03F8H            LINE#              3744
	C:03F9H            LINE#              3745
	C:03FAH            LINE#              3746
	C:03FCH            LINE#              3747
	C:03FDH            LINE#              3749
	C:0400H            LINE#              3750
	C:0401H            LINE#              3751
	C:0402H            LINE#              3752
	C:0404H            LINE#              3753
	C:0405H            LINE#              3754
	C:0406H            LINE#              3755
	C:0407H            LINE#              3756
	C:0409H            LINE#              3757
	C:040AH            LINE#              3761
	C:040DH            LINE#              3762
LX51 CODE BANKING LINKER/LOCATOR V06.18.15.328             09/01/16  09:39:26

	C:040EH            LINE#              3763
	C:040FH            LINE#              3764
	C:0410H            LINE#              3765
	C:0411H            LINE#              3766
	C:0412H            LINE#              3767
	C:0414H            LINE#              3769
	C:0417H            LINE#              3773
	C:0419H            LINE#              3774
	C:041BH            LINE#              3776
	C:041EH            LINE#              3777
	C:0421H            LINE#              3778
	C:0423H            LINE#              3779
	C:0425H            LINE#              3783
	C:0426H            LINE#              3784
	C:0427H            LINE#              3785
	C:0429H            LINE#              3786
	C:042AH            LINE#              3787
	C:042BH            LINE#              3788
	C:042DH            LINE#              3789
	C:042EH            LINE#              3793
	C:042FH            LINE#              3794
	C:0430H            LINE#              3795
	C:0431H            LINE#              3796
	C:0432H            LINE#              3797
	C:0433H            LINE#              3798
	C:0434H            LINE#              3799
	C:0435H            LINE#              3801
	C:0436H            LINE#              3802
	C:0437H            LINE#              3803
	C:0439H            LINE#              3804
	C:043AH            LINE#              3805
	C:043BH            LINE#              3806
	C:043DH            LINE#              3807
	C:043EH            LINE#              3809
	C:0440H            LINE#              3814
	C:0441H            LINE#              3815
	C:0442H            LINE#              3816
	C:0443H            LINE#              3817
	C:0444H            LINE#              3818
	C:0445H            LINE#              3819
	C:0446H            LINE#              3820
	C:0447H            LINE#              3822
	C:044AH            LINE#              3823
	C:044CH            LINE#              3825
	C:044DH            LINE#              3826
	C:044EH            LINE#              3827
	C:044FH            LINE#              3828
	C:0450H            LINE#              3829
	C:0451H            LINE#              3830
	C:0452H            LINE#              3831
	C:0453H            LINE#              3833
	C:0456H            LINE#              3834
	C:0458H            LINE#              3836
	C:0459H            LINE#              3837
	C:045AH            LINE#              3838
	C:045BH            LINE#              3839
	C:045CH            LINE#              3840
	C:045DH            LINE#              3841
	C:045EH            LINE#              3842
	C:045FH            LINE#              3845
	C:0462H            LINE#              3848
	C:0463H            LINE#              3849
	C:0464H            LINE#              3850
	C:0466H            LINE#              3851
	C:0467H            LINE#              3852
	C:0469H            LINE#              3853
	C:046BH            LINE#              3855
	C:046DH            LINE#              3859
LX51 CODE BANKING LINKER/LOCATOR V06.18.15.328             09/01/16  09:39:26

	C:046EH            LINE#              3860
	C:0470H            LINE#              3862
	C:0471H            LINE#              3863
	C:0472H            LINE#              3864
	C:0474H            LINE#              3865
	C:0476H            LINE#              3868
	C:0478H            LINE#              3869
	C:047AH            LINE#              3870
	C:047CH            LINE#              3872
	C:047EH            LINE#              3874
	C:047FH            LINE#              3875
	C:0481H            LINE#              3876
	C:0483H            LINE#              3877
	C:0485H            LINE#              3878
	C:0487H            LINE#              3880
	C:048AH            LINE#              3881
	C:048CH            LINE#              3882
	C:048EH            LINE#              3886
	C:0490H            LINE#              3887
	C:0492H            LINE#              3889
	C:0494H            LINE#              3893
	C:0496H            LINE#              3894
	C:0497H            LINE#              3895
	C:0498H            LINE#              3897
	C:049AH            LINE#              3898
	C:049DH            LINE#              3900
	C:049FH            LINE#              3902
	C:04A2H            LINE#              3904
	C:04A4H            LINE#              3906
	C:04A5H            LINE#              3909
	C:04A7H            LINE#              3910
	C:04A8H            LINE#              3911
	C:04A9H            LINE#              3912
	C:04ABH            LINE#              3913
	C:04ACH            LINE#              3915
	C:04ADH            LINE#              3916
	C:04AEH            LINE#              3917
	C:04AFH            LINE#              3918
	C:04B0H            LINE#              3919
	C:04B1H            LINE#              3920
	C:04B2H            LINE#              3921
	C:04B3H            LINE#              3923
	C:04B5H            LINE#              3924
	C:04B8H            LINE#              3926
	C:04BAH            LINE#              3927
	C:04BCH            LINE#              3930
	C:04BFH            LINE#              3932
	C:04C1H            LINE#              3933
	C:04C3H            LINE#              3936
	C:04C6H            LINE#              3938
	C:04C8H            LINE#              3941
	C:04CAH            LINE#              3943
	C:04CCH            LINE#              3946
	C:04CFH            LINE#              3948
	C:04D0H            LINE#              3949
	C:04D1H            LINE#              3950
	C:04D3H            LINE#              3951
	C:04D4H            LINE#              3952
	C:04D5H            LINE#              3953
	C:04D6H            LINE#              3954
	C:04D8H            LINE#              3955
	C:04D9H            LINE#              3956
	C:04DCH            LINE#              3960
	C:04DEH            LINE#              3961
	C:04E0H            LINE#              3962
	C:04E2H            LINE#              3966
	C:04E5H            LINE#              3968
	C:04E6H            LINE#              3969
LX51 CODE BANKING LINKER/LOCATOR V06.18.15.328             09/01/16  09:39:26

	C:04E7H            LINE#              3970
	C:04E8H            LINE#              3971
	C:04E9H            LINE#              3972
	C:04EAH            LINE#              3973
	C:04EBH            LINE#              3974
	C:04ECH            LINE#              3975
	C:04EDH            LINE#              3976
	C:04EFH            LINE#              3977
	C:04F0H            LINE#              3978
	C:04F1H            LINE#              3979
	C:04F3H            LINE#              3980
	C:04F4H            LINE#              3981
	C:04F6H            LINE#              3983
	C:04F8H            LINE#              3984
	C:04FAH            LINE#              3988
	C:04FBH            LINE#              3989
	C:04FCH            LINE#              3990
	C:04FEH            LINE#              3991
	C:04FFH            LINE#              3992
	C:0501H            LINE#              3993
	C:0503H            LINE#              3995
	C:0505H            LINE#              3996
	C:0507H            LINE#              3997
	C:0509H            LINE#              4000
	C:050AH            LINE#              4001
	C:050DH            LINE#              4002
	C:050EH            LINE#              4003
	C:0510H            LINE#              4004
	C:0512H            LINE#              4005
	C:0513H            LINE#              4006
	C:0514H            LINE#              4007
	C:0516H            LINE#              4008
	C:0518H            LINE#              4010
	C:051BH            LINE#              4013
	C:051DH            LINE#              4014
	C:051FH            LINE#              4015
	C:0522H            LINE#              4018
	C:0523H            LINE#              4019
	C:0524H            LINE#              4020
	C:0525H            LINE#              4021
	C:0526H            LINE#              4022
	C:0527H            LINE#              4023
	C:0528H            LINE#              4024
	C:0529H            LINE#              4027
	C:052CH            LINE#              4028
	C:052DH            LINE#              4029
	C:052FH            LINE#              4031
	C:0531H            LINE#              4033
	C:0532H            LINE#              4034
	C:0533H            LINE#              4035
	C:0534H            LINE#              4036
	C:0535H            LINE#              4037
	C:0536H            LINE#              4038
	C:0537H            LINE#              4039
	C:0539H            LINE#              4040
	C:053AH            LINE#              4044
	C:053BH            LINE#              4045
	C:053CH            LINE#              4046
	C:053EH            LINE#              4047
	C:053FH            LINE#              4048
	C:0541H            LINE#              4049
	C:0543H            LINE#              4051
	C:0545H            LINE#              4055
	C:0547H            LINE#              4056
	C:0549H            LINE#              4057
	C:054CH            LINE#              4059
	C:054EH            LINE#              4061
	C:0550H            LINE#              4062
LX51 CODE BANKING LINKER/LOCATOR V06.18.15.328             09/01/16  09:39:26

	C:0551H            LINE#              4063
	C:0553H            LINE#              4064
	C:0554H            LINE#              4065
	C:0556H            LINE#              4066
	C:0558H            LINE#              4067
	C:0559H            LINE#              4068
	C:055BH            LINE#              4070
	C:055DH            LINE#              4073
	C:0560H            LINE#              4074
	C:0563H            LINE#              4076
	C:0566H            LINE#              4079
	C:0569H            LINE#              4081
	C:056BH            LINE#              4083
	C:056EH            LINE#              4085
	C:0571H            LINE#              4088
	C:0574H            LINE#              4090
	C:0577H            LINE#              4092
	C:0579H            LINE#              4093
	C:057BH            LINE#              4094
	C:057DH            LINE#              4095
	C:057FH            LINE#              4096
	C:0582H            LINE#              4097
	C:0583H            LINE#              4110
	C:0585H            LINE#              4111
	C:0588H            LINE#              4114
	C:058AH            LINE#              4115
	C:058DH            LINE#              4118
	C:058FH            LINE#              4119
	C:0592H            LINE#              4122
	C:0594H            LINE#              4123
	C:0597H            LINE#              4126
	C:0599H            LINE#              4127
	C:059CH            LINE#              4130
	C:059EH            LINE#              4131
	C:05A1H            LINE#              4134
	C:05A3H            LINE#              4136
	C:05A4H            LINE#              4137
	C:05A7H            LINE#              4138
	C:05A9H            LINE#              4139
	C:05ABH            LINE#              4140
	C:05ACH            LINE#              4151
	C:05AEH            LINE#              4152
	C:05B0H            LINE#              4153
	C:05B3H            LINE#              4156
	C:05B5H            LINE#              4157
	C:05B7H            LINE#              4158
	C:05BAH            LINE#              4161
	C:05BCH            LINE#              4162
	C:05BEH            LINE#              4163
	C:05C1H            LINE#              4166
	C:05C3H            LINE#              4167
	C:05C5H            LINE#              4168
	C:05C8H            LINE#              4171
	C:05CAH            LINE#              4172
	C:05CDH            LINE#              4173
	C:05CEH            LINE#              4176
	C:05D0H            LINE#              4178
	C:05D1H            LINE#              4179
	C:05D3H            LINE#              4180
	C:05D6H            LINE#              4181
	C:05D8H            LINE#              4182
	C:05DBH            LINE#              4183
	C:05DDH            LINE#              4184
	C:05E0H            LINE#              4185
	C:05E2H            LINE#              4186
	C:05E5H            LINE#              4188
	C:05E6H            LINE#              4189
	C:05E9H            LINE#              4190
LX51 CODE BANKING LINKER/LOCATOR V06.18.15.328             09/01/16  09:39:26

	C:05EBH            LINE#              4192
	C:05EEH            LINE#              4193
	C:05F0H            LINE#              4195
	C:05F2H            LINE#              4196
	C:05F5H            LINE#              4198
	C:05F6H            LINE#              4199
	C:05F9H            LINE#              4200
	C:05FBH            LINE#              4202
	C:05FEH            LINE#              4203
	C:0600H            LINE#              4205
	C:0602H            LINE#              4206
	C:0605H            LINE#              4207
	C:0607H            LINE#              4209
	C:0608H            LINE#              4210
	C:0609H            LINE#              4212
	C:060CH            LINE#              4213
	C:060EH            LINE#              4214
[...]
	C:1663H            LINE#              152
	C:1665H            LINE#              154
	C:1668H            LINE#              155
	C:166BH            LINE#              156
	C:166EH            LINE#              157
	C:166FH            LINE#              170
	C:1670H            LINE#              171
	C:1671H            LINE#              172
	C:1672H            LINE#              173
	C:1673H            LINE#              185
	C:1674H            LINE#              187
	C:1677H            LINE#              188
	C:167AH            LINE#              189
	C:167BH            LINE#              190
	C:167CH            LINE#              191
	C:167EH            LINE#              192
	C:1680H            LINE#              193
	C:1682H            LINE#              195
	C:1683H            LINE#              197
	C:1684H            LINE#              198
	C:1687H            LINE#              199
	C:168AH            LINE#              200
	C:168BH            LINE#              201
	C:168EH            LINE#              202
	C:168FH            LINE#              213
	C:1692H            LINE#              214
	C:1695H            LINE#              215
	C:1698H            LINE#              216
	C:169BH            LINE#              217
	C:169EH            LINE#              218
	C:169FH            LINE#              219
	C:16A2H            LINE#              220
	C:16A3H            LINE#              241
	C:16A6H            LINE#              242
	C:16A8H            LINE#              243
	C:16AAH            LINE#              245
	C:16ADH            LINE#              246
	C:16AFH            LINE#              247
	C:16B1H            LINE#              258
	C:16B2H            LINE#              269
	C:16B4H            LINE#              270
	C:16B6H            LINE#              271
	C:16B8H            LINE#              272
	C:16BBH            LINE#              274
	C:16BDH            LINE#              275
	C:16BFH            LINE#              276
	C:16C0H            LINE#              277
	C:16C1H            LINE#              278
	C:16C2H            LINE#              279
	C:16C4H            LINE#              280
	C:16C5H            LINE#              291
	C:16C7H            LINE#              292
	C:16C9H            LINE#              293
	C:16CCH            LINE#              295
LX51 CODE BANKING LINKER/LOCATOR V06.18.15.328             09/01/16  09:39:26

	C:16CDH            LINE#              296
	C:16CFH            LINE#              297
	C:16D0H            LINE#              298
	C:16D1H            LINE#              299
	C:16D3H            LINE#              300
	C:16D4H            LINE#              311
	C:16D6H            LINE#              312
	C:16D8H            LINE#              360
	C:16DBH            LINE#              361
	C:16DDH            LINE#              364
	C:16E0H            LINE#              365
	C:16E2H            LINE#              368
	C:16E5H            LINE#              369
	C:16E7H            LINE#              372
	C:16EAH            LINE#              373
	C:16ECH            LINE#              376
	C:16EFH            LINE#              377
	C:16F1H            LINE#              380
	C:16F4H            LINE#              381
	C:16F6H            LINE#              384
	C:16F9H            LINE#              385
	C:16FBH            LINE#              388
	C:16FEH            LINE#              389
	C:1700H            LINE#              392
	C:1703H            LINE#              393
	C:1705H            LINE#              442
	C:1706H            LINE#              443
	C:1707H            LINE#              444
	C:1708H            LINE#              455
	C:170AH            LINE#              457
	C:170DH            LINE#              458
	C:170FH            LINE#              459
	C:1710H            LINE#              470
	C:1712H            LINE#              471
	C:1715H            LINE#              472
	C:1718H            LINE#              473
	C:171BH            LINE#              474
	C:171EH            LINE#              475
	C:1721H            LINE#              476
	C:1724H            LINE#              477
	C:1727H            LINE#              478
	C:172AH            LINE#              479
	C:172DH            LINE#              480
	C:1730H            LINE#              481
	C:1733H            LINE#              482
	C:1736H            LINE#              483
	C:1739H            LINE#              484
	C:173CH            LINE#              485
	C:173EH            LINE#              486
	C:173FH            LINE#              497
	C:1741H            LINE#              498
	C:1744H            LINE#              499
	C:1747H            LINE#              500
	C:174AH            LINE#              501
	C:174DH            LINE#              502
	C:1750H            LINE#              503
	C:1753H            LINE#              504
	C:1756H            LINE#              505
	C:1759H            LINE#              506
	C:175CH            LINE#              507
	C:175FH            LINE#              508
	C:1762H            LINE#              509
	C:1765H            LINE#              510
	C:1768H            LINE#              511
	C:176BH            LINE#              512
	C:176DH            LINE#              513
	C:176EH            LINE#              524
	C:1770H            LINE#              525
LX51 CODE BANKING LINKER/LOCATOR V06.18.15.328             09/01/16  09:39:26

	C:1772H            LINE#              526
	C:1774H            LINE#              528
	C:1777H            LINE#              529
	C:177AH            LINE#              530
	C:177DH            LINE#              531
	C:1780H            LINE#              532
	C:1782H            LINE#              534
	C:1785H            LINE#              535
	C:1788H            LINE#              536
	C:178AH            LINE#              537
	C:178CH            LINE#              538
	C:178DH            LINE#              550
	C:178FH            LINE#              551
	C:1791H            LINE#              552
	C:1793H            LINE#              555
	C:1796H            LINE#              557
	C:1799H            LINE#              559
	C:179CH            LINE#              561
	C:179EH            LINE#              562
	C:17A0H            LINE#              564
	C:17A2H            LINE#              565
	C:17A5H            LINE#              566
	C:17A6H            LINE#              567
	C:17A7H            LINE#              568
	C:17A9H            LINE#              569
	C:17ABH            LINE#              570
	C:17ACH            LINE#              571
	C:17AEH            LINE#              572
	C:17B0H            LINE#              573
	C:17B2H            LINE#              575
	C:17B3H            LINE#              576
	C:17B5H            LINE#              577
	C:17B7H            LINE#              578
	C:17B9H            LINE#              580
	C:17BCH            LINE#              583
	C:17BEH            LINE#              584
	C:17C0H            LINE#              585
	C:17C2H            LINE#              586
	C:17C4H            LINE#              588
	C:17C7H            LINE#              592
	C:17C9H            LINE#              595
	C:17CBH            LINE#              596
	C:17CDH            LINE#              597
	C:17CEH            LINE#              598
	C:17D0H            LINE#              599
	C:17D2H            LINE#              600
	C:17D4H            LINE#              602
	C:17D6H            LINE#              605
	C:17D8H            LINE#              606
	C:17DAH            LINE#              615
	C:17DCH            LINE#              616
	C:17DDH            LINE#              617
	C:17E0H            LINE#              618
	C:17E1H            LINE#              619
	C:17E2H            LINE#              628
	C:17E3H            LINE#              629
	C:17E4H            LINE#              630
	C:17E6H            LINE#              631
	C:17E7H            LINE#              632
	C:17E9H            LINE#              633
	C:17EBH            LINE#              636
	C:17EDH            LINE#              637
	C:17EFH            LINE#              638
	C:17F1H            LINE#              645
	C:17F2H            LINE#              646
	C:17F4H            LINE#              647
	C:17F6H            LINE#              654
	C:17F8H            LINE#              655
LX51 CODE BANKING LINKER/LOCATOR V06.18.15.328             09/01/16  09:39:26

	C:17FAH            LINE#              658
	C:17FDH            LINE#              659
	C:17FFH            LINE#              660
	C:1801H            LINE#              662
	C:1804H            LINE#              666
	C:1C00H            LINE#              45
	C:1C02H            LINE#              47
	C:1C04H            LINE#              50
	C:1C07H            LINE#              57
	C:1C0AH            LINE#              60
	C:1C0DH            LINE#              66
	C:1C10H            LINE#              67
	C:1C13H            LINE#              68
	C:1C16H            LINE#              69
	C:1C18H            LINE#              71
	C:1C1BH            LINE#              72
	C:1C1EH            LINE#              75
	C:1C21H            LINE#              80
	C:1C24H            LINE#              81
	C:1C27H            LINE#              82
	C:1C2AH            LINE#              83
	C:1C2CH            LINE#              85
	C:1C2EH            LINE#              88
	C:1C30H            LINE#              89
	C:1C32H            LINE#              90
	C:1C34H            LINE#              91
	C:1C37H            LINE#              92
	C:1C3AH            LINE#              93
	C:1C3DH            LINE#              94
	C:1C3FH            LINE#              95
	C:1C42H            LINE#              96
	C:1C45H            LINE#              99
	C:1C48H            LINE#              100
	C:1C4AH            LINE#              103
	C:1C4DH            LINE#              104
	C:1C4FH            LINE#              105
	C:1C51H            LINE#              106
	C:1C53H            LINE#              108
	C:1C55H            LINE#              110
	C:1C58H            LINE#              111
	C:1C5AH            LINE#              112
	C:1C5CH            LINE#              113
	C:1C5EH            LINE#              115
	C:1C60H            LINE#              117
	C:1C62H            LINE#              118
	C:1C63H            LINE#              119
	C:1C64H            LINE#              120
	C:1C65H            LINE#              121
	C:1C66H            LINE#              122
	C:1C67H            LINE#              123
	C:1C69H            LINE#              124
	C:1C6BH            LINE#              125
	C:1C6DH            LINE#              128
	C:1C6FH            LINE#              130
	C:1C71H            LINE#              131
	C:1C73H            LINE#              132
	C:1C75H            LINE#              135
	C:1C77H            LINE#              136
	C:1C78H            LINE#              137
	C:1C79H            LINE#              138
	C:1C7AH            LINE#              139
	C:1C7BH            LINE#              140
	C:1C7DH            LINE#              141
	C:1C7FH            LINE#              148
	C:1C81H            LINE#              149
	C:1C83H            LINE#              150
	C:1C86H            LINE#              151
	C:1C89H            LINE#              152
LX51 CODE BANKING LINKER/LOCATOR V06.18.15.328             09/01/16  09:39:26

	C:1C8BH            LINE#              153
	C:1C8CH            LINE#              154
	C:1C8DH            LINE#              155
	C:1C8EH            LINE#              156
	C:1C8FH            LINE#              157
	C:1C90H            LINE#              158
	C:1C91H            LINE#              159
	C:1C93H            LINE#              160
	C:1C95H            LINE#              162
	C:1C97H            LINE#              163
	C:1C99H            LINE#              164
	C:1C9BH            LINE#              165
	C:1C9CH            LINE#              166
	C:1C9FH            LINE#              168
	C:1CA1H            LINE#              169
	C:1CA3H            LINE#              171
	C:1CA5H            LINE#              172
	C:1CA7H            LINE#              173
	C:1CA9H            LINE#              174
	C:1CAAH            LINE#              175
	C:1CABH            LINE#              176
	C:1CADH            LINE#              177
	C:1CAFH            LINE#              178
	C:1CB1H            LINE#              180
	C:1CB4H            LINE#              183
	C:1CB5H            LINE#              184
	C:1CB7H            LINE#              185
	C:1CBAH            LINE#              186
	C:1CBDH            LINE#              187
	C:1CC0H            LINE#              188
	C:1CC3H            LINE#              189
	C:1CC6H            LINE#              190
	C:1CC8H            LINE#              193
	C:1CCAH            LINE#              194
	C:1CCCH            LINE#              195
	C:1CCDH            LINE#              196
	C:1CCEH            LINE#              197
	C:1CD0H            LINE#              198
	C:1CD2H            LINE#              199
	C:1CD4H            LINE#              201
	C:1CD6H            LINE#              202
	C:1CD7H            LINE#              204
	C:1CD9H            LINE#              206
	C:1CDAH            LINE#              207
	C:1CDCH            LINE#              209
	C:1CDDH            LINE#              210
	C:1CDFH            LINE#              212
	C:1CE0H            LINE#              213
	C:1CE1H            LINE#              214
	C:1CE3H            LINE#              215
	C:1CE5H            LINE#              218
	C:1CE6H            LINE#              219
	C:1CE8H            LINE#              220
	C:1CEAH            LINE#              221
	C:1CECH            LINE#              222
	C:1CEDH            LINE#              223
	C:1CEFH            LINE#              224
	C:1CF1H            LINE#              225
	C:1CF3H            LINE#              226
	C:1CF5H            LINE#              227
	C:1CF7H            LINE#              228
	C:1CFAH            LINE#              231
	C:1CFDH            LINE#              232
	C:1D00H            LINE#              233
	C:1D03H            LINE#              234
	C:1D06H            LINE#              235
	C:1D07H            LINE#              236
	C:1D0AH            LINE#              239
LX51 CODE BANKING LINKER/LOCATOR V06.18.15.328             09/01/16  09:39:26

	C:1D0CH            LINE#              240
	C:1D0EH            LINE#              241
	C:1D0FH            LINE#              242
	C:1D10H            LINE#              243
	C:1D13H            LINE#              244
	C:1D16H            LINE#              245
	C:1D18H            LINE#              246
	C:1D1AH            LINE#              247
	C:1D1CH            LINE#              250
	C:1D1DH            LINE#              251
	C:1D1FH            LINE#              252
	C:1D21H            LINE#              253
	C:1D23H            LINE#              255
	C:1D24H            LINE#              256
	C:1D26H            LINE#              259
	C:1D28H            LINE#              261
	C:1D29H            LINE#              262
	C:1D2CH            LINE#              263
	C:1D2FH            LINE#              264
	C:1D30H            LINE#              265
	C:1D31H            LINE#              266
	C:1D33H            LINE#              268
	C:1D36H            LINE#              269
	C:1D38H            LINE#              272
	C:1D3AH            LINE#              273
	C:1D3DH            LINE#              275
	C:1D3EH            LINE#              276
	C:1D3FH            LINE#              277
	C:1D40H            LINE#              278
	C:1D41H            LINE#              279
	C:1D43H            LINE#              280
	C:1D45H            LINE#              282
	C:1D47H            LINE#              283
	C:1D49H            LINE#              285
	C:1D4BH            LINE#              291
	C:1D4DH            LINE#              292
	C:1D4FH            LINE#              293
	C:1D51H            LINE#              294
	C:1D52H            LINE#              295
	C:1D53H            LINE#              296
	C:1D54H            LINE#              297
	C:1D56H            LINE#              298
	C:1D59H            LINE#              299
	C:1D5AH            LINE#              300
	C:1D5CH            LINE#              301
	C:1D5DH            LINE#              302
	C:1D5FH            LINE#              303
	C:1D61H            LINE#              304
	C:1D62H            LINE#              305
	C:1D64H            LINE#              306
	C:1D66H            LINE#              308
	C:1D69H            LINE#              309
	C:1D6CH            LINE#              311
	C:1D6FH            LINE#              315
	C:1D71H            LINE#              316
	C:1D73H            LINE#              317
	C:1D76H            LINE#              318
	C:1D77H            LINE#              319
	C:1D78H            LINE#              320
	C:1D7BH            LINE#              321
	C:1D7DH            LINE#              322
	C:1D80H            LINE#              323
	C:1D82H            LINE#              324
	C:1D84H            LINE#              325
	C:1D85H            LINE#              326
	C:1D86H            LINE#              327
	C:1D88H            LINE#              329
	C:1D8AH            LINE#              331
LX51 CODE BANKING LINKER/LOCATOR V06.18.15.328             09/01/16  09:39:26

	C:1D8DH            LINE#              333
	C:1D8EH            LINE#              337
	C:1D90H            LINE#              338
	C:1D91H            LINE#              339
	C:1D92H            LINE#              340
	C:1D95H            LINE#              341
	C:1D97H            LINE#              343
	C:1D9AH            LINE#              344
	C:1D9CH            LINE#              346
	C:1D9FH            LINE#              347
	C:1DA1H            LINE#              348
	C:1DA3H            LINE#              349
	C:1DA4H            LINE#              350
	C:1DA5H            LINE#              351
	C:1DA6H            LINE#              352
	C:1DA7H            LINE#              353
	C:1DA8H            LINE#              354
	C:1DA9H            LINE#              355
	C:1DAAH            LINE#              356
	C:1DACH            LINE#              357
	C:1DAEH            LINE#              358
	C:1DAFH            LINE#              359
	C:1DB0H            LINE#              360
	C:1DB1H            LINE#              361
	C:1DB4H            LINE#              362
	C:1DB6H            LINE#              364
	C:1DB7H            LINE#              365
	C:1DBAH            LINE#              366
	C:1DBDH            LINE#              368
	C:1DBEH            LINE#              369
	C:1DC0H            LINE#              370
	C:1DC1H            LINE#              371
	C:1DC3H            LINE#              372
	C:1DC5H            LINE#              373
	C:1DC6H            LINE#              374
	C:1DC8H            LINE#              375
	C:1DCAH            LINE#              377
	C:1DCDH            LINE#              378
	C:1DD0H            LINE#              380
	C:1DD3H            LINE#              382
	C:1DD5H            LINE#              383
	C:1DD7H            LINE#              384
	C:1DD9H            LINE#              385
	C:1DDBH            LINE#              386
	C:1DDCH            LINE#              390
	C:1DDEH            LINE#              391
	C:1DE0H            LINE#              392
	C:1DE1H            LINE#              393
	C:1DE2H            LINE#              394
	C:1DE4H            LINE#              395
	C:1DE6H            LINE#              397
	C:1DE8H            LINE#              398
	C:19FDH            LINE#              8306
	-------            ENDMOD             BLHELI

----------------------
SUGGESTED OPTIMIZATION
----------------------
Warning: 15 (FH) data bytes in the range [00H-80H] are available for storage.&

         Consider using some of these for 'data' variables in your source fil&
es.


LINK/LOCATE RUN COMPLETE, 1 WARNING  FOUND.

